3ff70000 T __image_copy_start
3ff70000 T _start
3ff70020 t _undefined_instruction
3ff70024 t _software_interrupt
3ff70028 t _prefetch_abort
3ff7002c t _data_abort
3ff70030 t _not_used
3ff70034 t _irq
3ff70038 t _fiq
3ff7003c t _pad
3ff70040 T _TEXT_BASE
3ff70040 T _end_vect
3ff70044 T _bss_start_ofs
3ff70048 T _bss_end_ofs
3ff7004c T _end_ofs
3ff70050 T IRQ_STACK_START_IN
3ff70054 t reset
3ff70060 t clear_bss
3ff700ac T c_runtime_cpu_setup
3ff700c4 W save_boot_params
3ff700c8 T cpu_init_cp15
3ff70100 T cpu_init_crit
3ff70120 t undefined_instruction
3ff70180 t software_interrupt
3ff701e0 t prefetch_abort
3ff70240 t data_abort
3ff702a0 t not_used
3ff70300 t irq
3ff70360 t fiq
3ff703c0 t v7_maint_dcache_all
3ff704b0 t v7_inval_tlb
3ff704cc t v7_dcache_maint_range
3ff70594 T invalidate_dcache_all
3ff705a8 T flush_dcache_all
3ff705bc T flush_dcache_range
3ff705e0 T arm_init_before_mmu
3ff705f4 T flush_cache
3ff705fc T invalidate_icache_all
3ff70614 T __v7_outer_cache_flush_all
3ff70614 W v7_outer_cache_flush_all
3ff70618 T __v7_outer_cache_inval_all
3ff70618 W v7_outer_cache_inval_all
3ff7061c T __v7_outer_cache_flush_range
3ff7061c W v7_outer_cache_flush_range
3ff70620 W cpu_cache_initialization
3ff70624 T cleanup_before_linux
3ff7064c T arch_cpu_init
3ff70670 T print_cpuinfo
3ff706bc T pwm_enable
3ff70710 T pwm_config
3ff70868 T pwm_init
3ff70968 t timer_get_us_down
3ff7099c T get_timer
3ff70a00 T __udelay
3ff70a24 T reset_timer_masked
3ff70a64 T timer_init
3ff70ab8 T get_ticks
3ff70acc T get_tbclk
3ff70ae0 T v7_outer_cache_enable
3ff70af4 T v7_outer_cache_disable
3ff70b20 T reset_cpu
3ff70b50 t _loop_forever
3ff70b5c T get_pll_clk
3ff70ca4 t s5pc100_get_pclk
3ff70cfc t s5pc110_get_pclk
3ff70d7c T get_arm_clk
3ff70df4 T get_pwm_clk
3ff70e14 T get_uart_clk
3ff70e34 T _main
3ff70e78 T relocate_code
3ff70e88 t copy_loop
3ff70ea0 t fixloop
3ff70ec0 t fixnext
3ff70ec8 t relocate_done
3ff70edc t display_banner
3ff70efc t init_baudrate
3ff70f28 t mark_bootstage
3ff70f3c T __power_init_board
3ff70f3c W power_init_board
3ff70f44 T board_init_f
3ff71064 T board_init_r
3ff71118 t boot_jump_linux.clone.5
3ff711b8 T arch_lmb_reserve
3ff711dc W setup_board_tags
3ff711e0 t boot_prep_linux
3ff71334 T do_bootm_linux
3ff71398 T boot_prep_vxworks
3ff7139c T boot_jump_vxworks
3ff713b0 t cp_delay
3ff713e0 t cache_disable
3ff71424 W arm_init_domains
3ff71428 T set_section_dcache
3ff7143c W dram_bank_mmu_setup
3ff71480 t cache_enable
3ff714f8 T icache_enable
3ff71500 T icache_disable
3ff71508 T icache_status
3ff71514 T dcache_enable
3ff7151c T dcache_disable
3ff71524 T dcache_status
3ff71530 T __enable_caches
3ff71530 W enable_caches
3ff7153c T interrupt_init
3ff71558 T enable_interrupts
3ff7155c T disable_interrupts
3ff71564 T bad_mode
3ff71574 T show_regs
3ff716b4 T do_undefined_instruction
3ff716d8 T do_software_interrupt
3ff716fc T do_prefetch_abort
3ff71720 T do_data_abort
3ff71744 T do_not_used
3ff71768 T do_fiq
3ff7178c T do_irq
3ff717b0 T do_reset
3ff717dc t _TEXT_BASE
3ff717e0 T lowlevel_init
3ff717ec t system_clock_init
3ff71820 t uart_asm_init
3ff71884 t tzpc_asm_init
3ff718bc t srom_ctrl_asm_init
3ff71930 T mem_ctrl_asm_init
3ff719a0 t find_lock_val
3ff71b48 T board_init
3ff71b6c T dram_init
3ff71b8c T dram_init_banksize
3ff71ba4 T checkboard
3ff71bbc T board_eth_init
3ff71bc0 T do_bdinfo
3ff71d70 W do_go_exec
3ff71d88 t do_go
3ff71df4 t image_info
3ff71ec4 t do_iminfo
3ff71f24 t do_bootm_rtems
3ff71f64 T do_bootd
3ff71f88 t do_bootm_standalone
3ff71ff0 t copy_args
3ff7203c t do_bootm_plan9
3ff720e0 t do_bootm_qnxelf
3ff7213c t do_bootm_netbsd
3ff72230 t do_bootm_states.clone.21.clone.22
3ff729bc T do_bootm
3ff72a98 W arch_preboot_os
3ff72a98 t __arch_preboot_os
3ff72a9c T bootm_maybe_autostart
3ff72b10 T do_bootvx_fdt
3ff72b4c t do_bootm_vxworks
3ff72b70 t parse_argv
3ff72bcc T do_icache
3ff72c5c T do_dcache
3ff72cec t do_coninfo
3ff72da4 t do_echo
3ff72e64 t load_elf_image_shdr
3ff72ef4 W do_bootelf_exec
3ff72f38 T valid_elf_image
3ff72f84 T do_bootvx
3ff73224 T do_bootelf
3ff73378 t do_exit
3ff733a8 t do_fat_fsinfo
3ff7343c t do_fat_ls
3ff73450 T do_fat_fsload
3ff73464 t do_help
3ff734ac t evalstr
3ff734c8 t evalexp
3ff73538 t binary_test
3ff736f4 t do_itest
3ff7378c t ktrans
3ff737ac t bin_data_init
3ff737d8 t bin_data_char
3ff73800 t k_data_save
3ff7384c t k_data_restore
3ff73898 t load_serial_ymodem
3ff73974 t getcxmodem
3ff73994 t load_serial
3ff73b90 t do_load_serial
3ff73c6c t s1_sendpacket.clone.0
3ff73cbc t chk1.clone.1
3ff73cec t do_load_serial_bin
3ff74460 t do_mem_loop
3ff74554 t do_mem_mw
3ff7460c t do_mem_base
3ff74650 t do_mem_cmp
3ff7479c t do_mem_crc
3ff747dc t do_mem_cp
3ff748b0 t do_mem_md
3ff74990 t mod_mem.clone.2
3ff74af4 t do_mem_nm
3ff74afc t do_mem_mm
3ff74b04 t do_sleep
3ff74b78 t mtd_part_info
3ff74c0c t memsize_format
3ff74cac t index_partitions
3ff74d60 t current_save
3ff74e1c t part_sort_add
3ff74f84 t part_delall
3ff74fc8 t device_del
3ff75044 t memsize_parse
3ff750c4 t get_mtd_info
3ff75144 t part_validate
3ff7549c t device_delall.clone.2
3ff754fc t mtd_devices_init
3ff75528 t generate_mtdparts_save.clone.1
3ff75824 T device_find
3ff75874 t device_parse
3ff75d80 T mtd_id_parse
3ff75e90 T find_dev_and_part
3ff76048 T mtdparts_init
3ff766d4 t do_mtdparts
3ff76c8c t do_chpart
3ff76d5c t set_dev
3ff76dcc t nand_load_image
3ff76f88 t do_nandboot
3ff771e4 t nand_print_and_set_info
3ff772b4 t arg_off
3ff773cc t arg_off_size
3ff77534 t do_nand
3ff781d0 t do_ping
3ff78248 t netboot_common
3ff784f8 t do_nfs
3ff78504 t do_bootp
3ff78510 T do_tftpb
3ff78550 t do_env_delete
3ff785ec t env_print
3ff786b4 t do_env_print
3ff78784 t do_env
3ff787e4 t do_env_import
3ff78a38 t do_env_default
3ff78af0 t do_env_save
3ff78b1c t _do_env_set.clone.0
3ff78ce0 t do_env_set
3ff78cfc T get_env_id
3ff78d0c T setenv
3ff78d68 T setenv_ulong
3ff78d88 T setenv_hex
3ff78dc0 t do_env_export
3ff79024 T envmatch
3ff79090 T getenv_f
3ff7914c T getenv
3ff791c4 t do_env_edit
3ff79238 T getenv_ulong
3ff79268 t do_reginfo
3ff79270 T source
3ff7934c T do_source
3ff79390 t do_false
3ff79398 t do_true
3ff793a0 t do_test
3ff79810 t do_version
3ff79848 t do_imgextract
3ff79ae0 T find_cmd_tbl
3ff79b7c T find_cmd
3ff79ba4 T cmd_usage
3ff79c00 T _do_help
3ff79d88 T cmd_get_data_size
3ff79dd8 T cmd_process
3ff79ec8 t console_setfile
3ff79f6c T fgetc
3ff79f98 T ftstc
3ff79fc4 T fputc
3ff79fec T fputs
3ff7a014 T getc
3ff7a038 T tstc
3ff7a05c T putc
3ff7a084 T puts
3ff7a0ac T printf
3ff7a0fc T vprintf
3ff7a140 T ctrlc
3ff7a194 T had_ctrlc
3ff7a1a4 T clear_ctrlc
3ff7a1b8 T search_device
3ff7a1e0 T console_assign
3ff7a220 t on_console
3ff7a2e4 T console_init_f
3ff7a2f4 T stdio_print_current_devices
3ff7a3ac T console_init_r
3ff7a48c T sbrk
3ff7a4f8 T mem_malloc_init
3ff7a52c T malloc_trim
3ff7a604 T free
3ff7a82c T malloc
3ff7ae0c T calloc
3ff7aeec T memalign
3ff7affc T realloc
3ff7b44c t reverse_strstr
3ff7b4b0 T env_attr_walk
3ff7b5c0 T env_attr_lookup
3ff7b6e4 t clear_callback
3ff7b6f4 t on_callbacks
3ff7b73c t find_env_callback
3ff7b7a0 t set_callback
3ff7b834 T env_callback_init
3ff7b8fc W env_get_char_spec
3ff7b8fc t __env_get_char_spec
3ff7b908 T env_get_addr
3ff7b92c T env_get_char_memory
3ff7b93c T env_get_char
3ff7b96c T getenv_yesno
3ff7b9c0 T getenv_default
3ff7b9f0 T set_default_env
3ff7baa8 T set_default_vars
3ff7badc T env_import
3ff7bbb8 T env_relocate
3ff7bbe8 t skip_num
3ff7bc60 t clear_flags
3ff7bc70 t on_flags
3ff7bcb8 T env_flags_parse_vartype
3ff7bd04 T env_flags_parse_varaccess
3ff7bd58 t env_parse_flags_to_bin
3ff7bd84 t set_flags
3ff7be14 T env_flags_init
3ff7bed0 T env_flags_validate
3ff7c204 T env_init
3ff7c220 T writeenv
3ff7c2d4 T saveenv
3ff7c3fc T readenv
3ff7c4bc T env_relocate_spec
3ff7c50c t dummy
3ff7c510 T get_version
3ff7c518 T jumptable_init
3ff7c6a8 T hash_command
3ff7c74c t static_get
3ff7c768 t static_peek
3ff7c774 t file_peek
3ff7c780 t is_assignment
3ff7c7d4 t mapset
3ff7c7f4 t syntax_err
3ff7c800 t do_showvar
3ff7c8f0 t xmalloc
3ff7c910 t new_pipe
3ff7c938 t file_get
3ff7cae8 t free_pipe_list
3ff7cbc4 t xrealloc
3ff7cbe4 t done_command
3ff7cc6c t done_pipe
3ff7ccb4 t b_addchr
3ff7cd2c t done_word
3ff7d008 t b_addqchr
3ff7d054 T get_local_var
3ff7d0ec T set_local_var
3ff7d2a4 t insert_var_value_sub
3ff7d570 T parse_string_outer
3ff7d660 t run_list_real
3ff7de4c t parse_stream_outer
3ff7e53c T parse_file_outer
3ff7e580 T u_boot_hush_start
3ff7e5d4 t on_loadaddr
3ff7e60c T image_check_hcrc
3ff7e65c T image_check_dcrc
3ff7e694 T image_multi_count
3ff7e6b4 T image_multi_getimg
3ff7e730 T getenv_bootm_low
3ff7e760 T getenv_bootm_size
3ff7e7bc T memmove_wd
3ff7e7c8 T genimg_print_size
3ff7e7f8 T get_table_entry_name
3ff7e824 T genimg_get_os_name
3ff7e83c T genimg_get_arch_name
3ff7e854 T genimg_get_type_name
3ff7e86c T genimg_get_comp_name
3ff7e884 T image_print_contents
3ff7e9f4 T genimg_get_format
3ff7ea14 T genimg_get_image
3ff7ea18 T boot_get_ramdisk
3ff7ec58 T boot_ramdisk_high
3ff7ed84 t delete_char
3ff7ee5c t cread_add_char
3ff7ef48 T __show_boot_progress
3ff7ef48 W show_boot_progress
3ff7ef4c T readline_into_buffer
3ff7f878 T readline
3ff7f88c T run_command
3ff7f894 T run_command_list
3ff7f8f0 T main_loop
3ff7fa20 T do_run
3ff7fa90 T get_ram_size
3ff7fb88 t hex1_bin
3ff7fbc8 t hex2_bin
3ff7fbfc T srec_decode
3ff7fe6c T stdio_get_list
3ff7fe78 T stdio_get_by_name
3ff7fecc T stdio_clone
3ff7ff04 T stdio_register
3ff7ff48 T stdio_init
3ff7ffd8 t CYGACC_COMM_IF_GETC_TIMEOUT.clone.1
3ff8002c t xyzModem_flush
3ff80048 t xyzModem_get_hdr
3ff80290 T xyzModem_stream_open
3ff804e8 T xyzModem_stream_read
3ff8072c T xyzModem_stream_close
3ff8077c T xyzModem_stream_terminate
3ff80810 T xyzModem_error
3ff80830 T get_device
3ff80884 T get_device_and_partition
3ff80b60 T add_mtd_device
3ff80bec T get_mtd_device_nm
3ff80c60 T mtd_erase
3ff80d08 T mtd_read
3ff80db0 T mtd_write
3ff80e54 T mtd_read_oob
3ff80e84 T mtd_block_isbad
3ff80ed0 T mtd_block_markbad
3ff80f2c t part_erase
3ff80f98 T mtd_erase_callback
3ff81000 T nand_register
3ff81090 T nand_init
3ff810fc t nand_release_device
3ff81114 T nand_read_byte
3ff81124 t nand_read_byte16
3ff81138 t nand_read_word
3ff81148 T nand_write_buf
3ff81174 T nand_read_buf
3ff8119c t nand_verify_buf
3ff811dc T nand_write_buf16
3ff8120c T nand_read_buf16
3ff81238 t nand_verify_buf16
3ff8127c t nand_check_wp
3ff812cc t nand_read_page_raw
3ff81310 t nand_read_page_raw_syndrome
3ff813e4 t nand_read_page_swecc
3ff81508 t nand_read_subpage
3ff81780 t nand_read_page_hwecc
3ff818b8 t nand_read_page_hwecc_oob_first
3ff819f0 t nand_read_page_syndrome
3ff81b14 t nand_read_oob_std
3ff81b50 t nand_read_oob_syndrome
3ff81c54 t nand_write_oob_std
3ff81cc4 t nand_write_oob_syndrome
3ff81e78 t nand_write_page_raw
3ff81ebc t nand_write_page_raw_syndrome
3ff81f90 t nand_write_page_swecc
3ff82044 t nand_write_page_hwecc
3ff82108 t nand_write_page_syndrome
3ff821fc t single_erase_cmd
3ff82238 t multi_erase_cmd
3ff822c4 t nand_sync
3ff822d4 t nand_onfi_set_features
3ff82338 t nand_write_page
3ff823f4 t nand_block_bad
3ff82590 t nand_select_chip
3ff825e8 t nand_block_checkbad
3ff82668 t nand_block_isbad
3ff82684 t nand_block_markbad
3ff826c0 t nand_onfi_get_features
3ff8272c t nand_fill_oob
3ff82848 t nand_do_write_oob
3ff829e4 t nand_do_write_ops
3ff82d60 t nand_write_oob
3ff82e08 t nand_write
3ff82e6c t nand_transfer_oob
3ff82f70 t nand_do_read_ops
3ff83334 t nand_read_oob
3ff835c8 t nand_read
3ff8362c t nand_wait
3ff83700 T nand_wait_ready
3ff8374c t nand_command
3ff8392c t nand_command_lp
3ff83b94 T nand_erase_nand
3ff83eec t nand_erase
3ff83ef4 t nand_default_block_markbad
3ff840b4 T nand_scan_ident
3ff849ac T nand_scan_tail
3ff84fb8 T nand_scan
3ff84fdc t read_bbt
3ff851c0 t read_abs_bbt
3ff8528c t scan_read_oob
3ff85350 t scan_read
3ff853b4 t write_bbt
3ff85a50 t verify_bbt_descr
3ff85b88 t check_pattern
3ff85c30 t search_bbt
3ff85dec t create_bbt
3ff860f4 T nand_update_bbt
3ff86214 t mark_bbt_region
3ff86388 T nand_scan_bbt
3ff86890 T nand_default_bbt
3ff86994 T nand_isbad_bbt
3ff869e8 T nand_calculate_ecc
3ff86ad8 T nand_correct_data
3ff86bf4 t check_skip_len
3ff86cc0 T nand_erase_opts
3ff87028 T nand_write_skip_bad
3ff872b0 T nand_read_skip_bad
3ff87528 t s3c2410_hwcontrol
3ff87560 t s3c2410_dev_ready
3ff8757c t s5pv210_select_chip
3ff875e8 T board_nand_init
3ff87674 t dm9000_outblk_8bit
3ff87698 t dm9000_outblk_16bit
3ff876c8 t dm9000_outblk_32bit
3ff876fc t dm9000_inblk_8bit
3ff87720 t dm9000_inblk_16bit
3ff87750 t dm9000_inblk_32bit
3ff87784 t dm9000_rx_status_32bit
3ff877a4 t dm9000_rx_status_16bit
3ff877c4 t dm9000_rx_status_8bit
3ff877f4 t dm9000_reset
3ff878b0 t dm9000_rx
3ff87a08 t dm9000_halt
3ff87a8c t dm9000_phy_read
3ff87ae8 t dm9000_init
3ff87e64 t dm9000_send
3ff87f3c T dm9000_read_srom_word
3ff87fa0 T dm9000_initialize
3ff88024 t get_current
3ff88060 W altera_jtag_serial_initialize
3ff88060 W altera_serial_initialize
3ff88060 W amirix_serial_initialize
3ff88060 W arm_dcc_initialize
3ff88060 W asc_serial_initialize
3ff88060 W atmel_serial_initialize
3ff88060 W au1x00_serial_initialize
3ff88060 W bfin_jtag_initialize
3ff88060 W bfin_serial_initialize
3ff88060 W bmw_serial_initialize
3ff88060 W clps7111_serial_initialize
3ff88060 W cogent_serial_initialize
3ff88060 W cpci750_serial_initialize
3ff88060 W evb64260_serial_initialize
3ff88060 W imx_serial_initialize
3ff88060 W iop480_serial_initialize
3ff88060 W ixp_serial_initialize
3ff88060 W jz_serial_initialize
3ff88060 W ks8695_serial_initialize
3ff88060 W leon2_serial_initialize
3ff88060 W leon3_serial_initialize
3ff88060 W lh7a40x_serial_initialize
3ff88060 W lpc32xx_serial_initialize
3ff88060 W marvell_serial_initialize
3ff88060 W max3100_serial_initialize
3ff88060 W mcf_serial_initialize
3ff88060 W ml2_serial_initialize
3ff88060 W mpc512x_serial_initialize
3ff88060 W mpc5xx_serial_initialize
3ff88060 W mpc8260_scc_serial_initialize
3ff88060 W mpc8260_smc_serial_initialize
3ff88060 W mpc85xx_serial_initialize
3ff88060 W mpc8xx_serial_initialize
3ff88060 W mxc_serial_initialize
3ff88060 W mxs_auart_initialize
3ff88060 W ns16550_serial_initialize
3ff88060 W oc_serial_initialize
3ff88060 W p3mx_serial_initialize
3ff88060 W pl01x_serial_initialize
3ff88060 W pxa_serial_initialize
3ff88060 W s3c24xx_serial_initialize
3ff88060 W sa1100_serial_initialize
3ff88060 W sandbox_serial_initialize
3ff88060 W sconsole_serial_initialize
3ff88060 W sh_serial_initialize
3ff88060 W uartlite_serial_initialize
3ff88060 W zynq_serial_initalize
3ff88060 t serial_null
3ff88064 T serial_register
3ff8807c T serial_stdio_init
3ff8810c T serial_assign
3ff8815c T serial_initialize
3ff8822c T serial_init
3ff88240 T serial_setbrg
3ff88254 t on_baudrate
3ff8835c T serial_getc
3ff88370 T serial_tstc
3ff88384 T serial_putc
3ff883a0 T serial_puts
3ff883bc t serial_err_check
3ff88408 t serial_getc_dev
3ff88490 t serial_tstc_dev
3ff884e8 t s5p_serial0_getc
3ff884f0 t s5p_serial0_tstc
3ff884f8 t s5p_serial1_getc
3ff88500 t s5p_serial1_tstc
3ff88508 t s5p_serial2_getc
3ff88510 t s5p_serial2_tstc
3ff88518 t s5p_serial3_getc
3ff88520 t s5p_serial3_tstc
3ff88528 t serial_putc_dev
3ff885bc t serial_puts_dev
3ff885e4 t s5p_serial3_puts
3ff885ec t s5p_serial2_puts
3ff885f4 t s5p_serial1_puts
3ff885fc t s5p_serial0_puts
3ff88604 t s5p_serial3_putc
3ff8860c t s5p_serial2_putc
3ff88614 t s5p_serial1_putc
3ff8861c t s5p_serial0_putc
3ff88624 t serial_setbrg_dev
3ff886ac t s5p_serial3_setbrg
3ff886b4 t serial_init_dev
3ff88714 t s5p_serial3_init
3ff8871c t s5p_serial2_init
3ff88724 t s5p_serial1_init
3ff8872c t s5p_serial0_init
3ff88734 t s5p_serial2_setbrg
3ff8873c t s5p_serial1_setbrg
3ff88744 t s5p_serial0_setbrg
3ff8874c W default_serial_console
3ff88768 T s5p_serial_initialize
3ff887a0 t downcase
3ff887d0 t disk_read
3ff8882c t dirdelim
3ff88860 t get_fatent
3ff889cc t slot2str
3ff88a9c t mkcksum
3ff88af0 t get_name
3ff88ba8 t read_bootsectandvi
3ff88cd0 t get_cluster
3ff88e44 t get_vfatname
3ff89000 T fat_set_blk_dev
3ff890cc T do_fat_read_at
3ff89c38 T do_fat_read
3ff89c5c T file_fat_detectfs
3ff89cec T file_fat_ls
3ff89cfc T file_fat_read_at
3ff89d40 T fat_read_file
3ff89d7c T fat_close
3ff89d80 t fs_ls_unsupported
3ff89d88 t fs_read_unsupported
3ff89d90 t fs_write_unsupported
3ff89d98 t fs_close_unsupported
3ff89d9c t fs_get_info
3ff89dbc t fs_close
3ff89de4 t fs_probe_unsupported
3ff89dfc T fs_set_blk_dev
3ff89edc T fs_ls
3ff89f18 T fs_read
3ff89f98 T do_load
3ff8a164 T do_ls
3ff8a1d0 T cyg_crc16
3ff8a214 T crc32_no_comp
3ff8a2fc T crc32
3ff8a310 T crc32_wd
3ff8a314 T print_size
3ff8a440 T print_buffer
3ff8a5ec T __div64_32
3ff8a6e8 T gzfree
3ff8a6f0 T gzalloc
3ff8a700 T zunzip
3ff8a824 T gunzip
3ff8a8d0 T hang
3ff8a8ec t drop_var_from_set
3ff8a948 t cmpkey
3ff8a95c t match_string.clone.1
3ff8a9c0 T hcreate_r
3ff8aa6c T hdestroy_r
3ff8aae0 T hsearch_r
3ff8afc4 T hdelete_r
3ff8b0e0 T hexport_r
3ff8b420 T himport_r
3ff8b748 T hwalk_r
3ff8b7a0 T skip_spaces
3ff8b7c4 T strim
3ff8b818 t lmb_add_region
3ff8b9d0 T lmb_init
3ff8b9f8 T lmb_add
3ff8b9fc T lmb_reserve
3ff8ba04 T lmb_overlaps_region
3ff8ba58 T __lmb_alloc_base
3ff8bb88 T lmb_alloc_base
3ff8bbbc T lmb_alloc
3ff8bbc4 T __board_lmb_reserve
3ff8bbc4 W board_lmb_reserve
3ff8bbc8 T string_to_ip
3ff8bc30 T qsort
3ff8bd1c t check_bytes8
3ff8bd4c T strcpy
3ff8bd68 T strncpy
3ff8bd90 T strcat
3ff8bdc0 T strncat
3ff8be10 T strcmp
3ff8be40 T strncmp
3ff8be88 T strchr
3ff8bebc T strlen
3ff8bed8 T strnlen
3ff8bf00 T strdup
3ff8bf34 T strpbrk
3ff8bf70 T memset
3ff8bfd8 T memcpy
3ff8c04c T memmove
3ff8c0a4 T memcmp
3ff8c0dc T strstr
3ff8c13c T memchr_inv
3ff8c204 T strmhz
3ff8c270 T udelay
3ff8c2a0 t put_dec_trunc
3ff8c368 t put_dec
3ff8c484 t string.clone.0
3ff8c514 t number.clone.4
3ff8c730 t vsnprintf_internal.clone.6
3ff8cd9c T simple_strtoul
3ff8ce48 T strict_strtoul
3ff8cec0 T simple_strtol
3ff8cee8 T simple_strtoull
3ff8cfbc T vsprintf
3ff8cfc0 T sprintf
3ff8cfe4 T panic
3ff8d028 T simple_itoa
3ff8d080 T zcfree
3ff8d088 T zcalloc
3ff8d090 T inflate_fast
3ff8d604 T inflate_table
3ff8db6c T inflateReset
3ff8dbec T inflateInit2_
3ff8dcf0 T inflateEnd
3ff8dd5c T adler32
3ff8e044 T inflate
3ff8f6b8 T ArpInit
3ff8f708 T arp_raw_request
3ff8f7d4 T ArpRequest
3ff8f860 T ArpTimeoutCheck
3ff8f8e0 T ArpReceive
3ff8fafc t BootpHandler
3ff8fe7c T BootpRequest
3ff90078 t BootpTimeout
3ff900bc W cpu_eth_init
3ff900bc t __def_eth_init
3ff900c4 t eth_current_changed
3ff90120 T eth_parse_enetaddr
3ff9017c T eth_getenv_enetaddr
3ff901d8 T eth_setenv_enetaddr
3ff90210 T eth_getenv_enetaddr_by_index
3ff90264 T eth_get_dev_by_index
3ff902a8 T eth_get_dev_index
3ff902c4 T eth_write_hwaddr
3ff904a0 T eth_register
3ff90520 T eth_initialize
3ff906ec T eth_halt
3ff9071c T eth_send
3ff90754 T eth_rx
3ff90780 T eth_try_another
3ff90808 T eth_init
3ff908d0 T eth_set_current
3ff9097c T eth_get_name
3ff9099c t startAgainTimeout
3ff909b0 t dummy_handler
3ff909b4 T net_auto_load
3ff90a18 T net_set_udp_handler
3ff90a38 T net_get_arp_handler
3ff90a48 T net_set_arp_handler
3ff90a68 T NetSetTimeout
3ff90ab4 T NetStartAgain
3ff90bd8 t net_clear_handlers
3ff90bfc T NetCksum
3ff90c30 T NetCksumOk
3ff90c50 T NetReceive
3ff90eec T NetEthHdrSize
3ff90f28 T NetSetEther
3ff90fc8 T net_update_ether
3ff91050 T net_set_ip_header
3ff910d8 T net_set_udp_header
3ff91180 T NetSendUDPPacket
3ff91284 T copy_filename
3ff912c8 t on_bootfile
3ff912f4 T ip_to_string
3ff91328 T string_to_VLAN
3ff91374 T getenv_VLAN
3ff91384 t NetInitLoop
3ff91474 T net_init
3ff914e4 T NetLoop
3ff91820 t basename
3ff91860 t rpc_add_credentials
3ff91928 t rpc_lookup_reply
3ff919d8 t nfs_mount_reply
3ff91a8c t nfs_umountall_reply
3ff91b24 t nfs_lookup_reply
3ff91bc8 t rpc_req
3ff91cc4 t rpc_lookup_req
3ff91d1c t nfs_mount_req
3ff91dac t nfs_umountall_req
3ff91e0c t nfs_lookup_req
3ff91eb0 t nfs_read_req
3ff91f28 t nfs_readlink_req
3ff91f80 t NfsSend
3ff92020 t nfs_readlink_reply
3ff92120 t NfsTimeout
3ff92184 t nfs_read_reply.clone.0
3ff922c4 t NfsHandler
3ff92514 T NfsStart
3ff92778 t ping_timeout
3ff92794 T ping_start
3ff928c0 T ping_receive
3ff929ac t TftpSend
3ff92b6c t TftpTimeout
3ff92bf4 t TftpHandler
3ff92fa0 T TftpStart
3ff932e4 T raise
3ff93300 T __aeabi_uidiv
3ff93300 T __udivsi3
3ff93300 t .udivsi3_skip_div0_test
3ff934ec T __aeabi_uidivmod
3ff9350c T __aeabi_idiv
3ff9350c T __divsi3
3ff93514 t .divsi3_skip_div0_test
3ff9372c T __aeabi_idivmod
3ff9374c T __aeabi_llsr
3ff9374c T __lshrdi3
3ff93768 T __aeabi_lasr
3ff93768 T __ashrdi3
3ff93784 T __aeabi_llsl
3ff93784 T __ashldi3
3ff937a0 W __aeabi_idiv0
3ff937a0 W __aeabi_ldiv0
3ff937b0 r location.4244
3ff937e0 r C.0.4418
3ff93860 r CSWTCH.13
3ff93880 r CSWTCH.18
3ff938d8 r __FUNCTION__.4025
3ff938ec r __FUNCTION__.4073
3ff93900 r __FUNCTION__.4134
3ff9390c r __FUNCTION__.4283
3ff93920 r __FUNCTION__.4432
3ff93934 r __FUNCTION__.4684
3ff93944 r __FUNCTION__.4931
3ff93954 r __func__.3312
3ff9396c r __func__.3437
3ff9397c r __func__.3448
3ff93988 r __func__.3617
3ff93998 r __func__.3651
3ff939a8 r __func__.4245
3ff939b0 r __func__.4418
3ff939bc R _ctype
3ff93abc r boot_os
3ff93b1c r crc16_tab
3ff93d1c r crc_table
3ff9411c r dbase.3607
3ff9415c R default_environment
3ff941ec r delims.3316
3ff941f0 r dext.3608
3ff94230 r distfix
3ff942b0 r env_flags_varaccess_mask
3ff942c0 r env_flags_varaccess_rep
3ff942c8 r env_flags_vartype_rep
3ff942d0 r erase_seq
3ff942d4 r lbase.3605
3ff94314 r lenfix
3ff94b14 r lext.3606
3ff94b54 r names.3220
3ff94b5c r nand_ecc_precalc_table
3ff94c5c R nand_flash_ids
3ff95334 R nand_manuf_ids
3ff95394 r op_table
3ff953fc r order.3701
3ff95424 r tab_seq
3ff95430 r udivslot
3ff95470 r uimage_arch
3ff95584 r uimage_comp
3ff955cc r uimage_os
3ff95644 r uimage_type
3ff9571c V version_string
3ff9b648 D s5p_cpu_id
3ff9b64c D init_sequence
3ff9b67c d bootm_help_text
3ff9b8c4 d cmd_bootm_sub
3ff9b984 d do_echo
3ff9b988 d dp_last_length
3ff9b98c d mtdparts_help_text
3ff9be60 d nand_help_text
3ff9c244 d env_help_text
3ff9c45c d env_id
3ff9c460 d cmd_env_sub
3ff9c538 d source_help_text
3ff9c588 d imgextract_help_text
3ff9c5e0 d av_
3ff9c9e8 d sbrk_base
3ff9c9ec d trim_threshold
3ff9c9f0 d first_call
3ff9c9f4 d first_call
3ff9c9f8 D env_htab
3ff9ca08 D env_name_spec
3ff9ca0c d reserved_list
3ff9ca90 D load_addr
3ff9ca94 d hist_cur
3ff9ca98 D stdio_names
3ff9caa4 D nand_curr_device
3ff9caa8 d nand_oob_8
3ff9d5b0 d nand_oob_16
3ff9e0b8 d nand_oob_128
3ff9ebc0 d nand_oob_64
3ff9f6c8 d bbt_mirror_descr
3ff9f6ec d mirror_pattern
3ff9f6f0 d bbt_main_no_oob_descr
3ff9f714 d scan_agand_pattern
3ff9f71c d bbt_mirror_no_oob_descr
3ff9f740 d bbt_pattern
3ff9f744 d scan_ff_pattern
3ff9f748 d bbt_main_descr
3ff9f76c d agand_flashbased
3ff9f790 D config
3ff9f798 D s5p_serial1_device
3ff9f7c8 D s5p_serial0_device
3ff9f7f8 D s5p_serial2_device
3ff9f828 D s5p_serial3_device
3ff9f858 d fstypes
3ff9f888 D NetOurNativeVLAN
3ff9f88c D NetBcastAddr
3ff9f894 d first_call.3499
3ff9f898 D NetOurVLAN
3ff9f89c d nfs_offset
3ff9f8a0 d TftpTimeoutCountMax
3ff9f8a4 D TftpRRQTimeoutCountMax
3ff9f8a8 d TftpBlkSizeOption
3ff9f8ac d TftpTimeoutMSecs
3ff9f8b0 d TftpBlkSize
3ff9f8b4 D _u_boot_list_2_cmd_2_base
3ff9f8b4 d start.3209
3ff9f8b4 d start.3213
3ff9f8b4 d start.3258
3ff9f8b4 d start.3262
3ff9f8cc D _u_boot_list_2_cmd_2_bdinfo
3ff9f8e4 D _u_boot_list_2_cmd_2_boot
3ff9f8fc D _u_boot_list_2_cmd_2_bootd
3ff9f914 D _u_boot_list_2_cmd_2_bootelf
3ff9f92c D _u_boot_list_2_cmd_2_bootm
3ff9f944 D _u_boot_list_2_cmd_2_bootp
3ff9f95c D _u_boot_list_2_cmd_2_bootvx
3ff9f974 D _u_boot_list_2_cmd_2_chpart
3ff9f98c D _u_boot_list_2_cmd_2_cmp
3ff9f9a4 D _u_boot_list_2_cmd_2_coninfo
3ff9f9bc D _u_boot_list_2_cmd_2_cp
3ff9f9d4 D _u_boot_list_2_cmd_2_crc32
3ff9f9ec D _u_boot_list_2_cmd_2_dcache
3ff9fa04 D _u_boot_list_2_cmd_2_echo
3ff9fa1c D _u_boot_list_2_cmd_2_editenv
3ff9fa34 D _u_boot_list_2_cmd_2_env
3ff9fa4c D _u_boot_list_2_cmd_2_exit
3ff9fa64 D _u_boot_list_2_cmd_2_false
3ff9fa7c D _u_boot_list_2_cmd_2_fatinfo
3ff9fa94 D _u_boot_list_2_cmd_2_fatload
3ff9faac D _u_boot_list_2_cmd_2_fatls
3ff9fac4 D _u_boot_list_2_cmd_2_go
3ff9fadc D _u_boot_list_2_cmd_2_help
3ff9faf4 D _u_boot_list_2_cmd_2_icache
3ff9fb0c D _u_boot_list_2_cmd_2_iminfo
3ff9fb24 D _u_boot_list_2_cmd_2_imxtract
3ff9fb3c D _u_boot_list_2_cmd_2_itest
3ff9fb54 D _u_boot_list_2_cmd_2_loadb
3ff9fb6c D _u_boot_list_2_cmd_2_loads
3ff9fb84 D _u_boot_list_2_cmd_2_loadx
3ff9fb9c D _u_boot_list_2_cmd_2_loady
3ff9fbb4 D _u_boot_list_2_cmd_2_loop
3ff9fbcc D _u_boot_list_2_cmd_2_md
3ff9fbe4 D _u_boot_list_2_cmd_2_mm
3ff9fbfc D _u_boot_list_2_cmd_2_mtdparts
3ff9fc14 D _u_boot_list_2_cmd_2_mw
3ff9fc2c D _u_boot_list_2_cmd_2_nand
3ff9fc44 D _u_boot_list_2_cmd_2_nboot
3ff9fc5c D _u_boot_list_2_cmd_2_nfs
3ff9fc74 D _u_boot_list_2_cmd_2_nm
3ff9fc8c D _u_boot_list_2_cmd_2_ping
3ff9fca4 D _u_boot_list_2_cmd_2_printenv
3ff9fcbc D _u_boot_list_2_cmd_2_question_mark
3ff9fcd4 D _u_boot_list_2_cmd_2_reginfo
3ff9fcec D _u_boot_list_2_cmd_2_reset
3ff9fd04 D _u_boot_list_2_cmd_2_run
3ff9fd1c D _u_boot_list_2_cmd_2_saveenv
3ff9fd34 D _u_boot_list_2_cmd_2_setenv
3ff9fd4c D _u_boot_list_2_cmd_2_showvar
3ff9fd64 D _u_boot_list_2_cmd_2_sleep
3ff9fd7c D _u_boot_list_2_cmd_2_source
3ff9fd94 D _u_boot_list_2_cmd_2_test
3ff9fdac D _u_boot_list_2_cmd_2_tftpboot
3ff9fdc4 D _u_boot_list_2_cmd_2_true
3ff9fddc D _u_boot_list_2_cmd_2_version
3ff9fdf4 D _u_boot_list_2_env_clbk_2_baudrate
3ff9fdf4 d end.3216
3ff9fdf4 d end.3265
3ff9fdf4 d start.3352
3ff9fdf4 d start.3359
3ff9fdfc D _u_boot_list_2_env_clbk_2_bootfile
3ff9fe04 D _u_boot_list_2_env_clbk_2_callbacks
3ff9fe0c D _u_boot_list_2_env_clbk_2_console
3ff9fe14 D _u_boot_list_2_env_clbk_2_flags
3ff9fe1c D _u_boot_list_2_env_clbk_2_loadaddr
3ff9fe24 A _end
3ff9fe24 B __bss_base
3ff9fe24 B __bss_start
3ff9fe24 B monitor_flash_len
3ff9fe24 D __image_copy_end
3ff9fe24 D __rel_dyn_end
3ff9fe24 D __rel_dyn_start
3ff9fe24 d end.3355
3ff9fe28 b params
3ff9fe2c B images
3ff9ff5c b send_parms
3ff9ff70 b os_data_init
3ff9ff74 b os_data_addr_saved
3ff9ff78 b his_pad_char
3ff9ff7c b a_b
3ff9ff94 b os_data_char
3ff9ff98 b os_data_state
3ff9ff9c b k_data_escape
3ff9ffa0 b os_data_state_saved
3ff9ffa4 b os_data_addr
3ff9ffa8 b send_ptr
3ff9ffac b bin_start_address
3ff9ffb0 b his_quote
3ff9ffb4 b his_pad_count
3ff9ffb8 b his_eol
3ff9ffbc b k_data_escape_saved
3ff9ffc0 b dp_last_addr
3ff9ffc4 b base_address
3ff9ffc8 b mm_last_size
3ff9ffcc b mm_last_addr
3ff9ffd0 b dp_last_size
3ff9ffd4 b last_ids
3ffa0054 B current_mtd_dev
3ffa0058 b last_partition
3ffa0068 b last_parts
3ffa0268 b initialized.4611
3ffa026c B current_mtd_partnum
3ffa0270 b mtdids
3ffa0278 b devices
3ffa0280 b last.4351
3ffa0288 b ctrlc_was_pressed
3ffa028c b ctrlc_disabled
3ffa0290 b max_total_mem
3ffa0294 B mem_malloc_brk
3ffa0298 b max_sbrked_mem
3ffa029c b current_mallinfo
3ffa02c4 B mem_malloc_end
3ffa02c8 b top_pad
3ffa02cc B mem_malloc_start
3ffa02d0 b callback_list
3ffa02d4 b flags_list
3ffa02d8 b flag_repeat
3ffa02dc b the_command.3469
3ffa03dc b last_return_code
3ffa03e0 b ifs
3ffa03e4 b buf.3669
3ffa040c b map
3ffa050c b do_repeat
3ffa0510 b top_vars
3ffa0514 b hist_list
3ffa0564 b hist_lines
3ffa1978 b hist_max
3ffa197c b hist_add_idx
3ffa1980 b initted.4052
3ffa1984 b hist_num
3ffa1988 B console_buffer
3ffa1a8c b devs
3ffa1ac8 B stdio_devices
3ffa1ad4 b xyz
3ffa1f08 B mtd_table
3ffa1f88 B nand_info
3ffa2038 b nand_chip
3ffa2160 b total_nand_size
3ffa2164 b dev_name
3ffa216c b dm9000_info
3ffa2254 b serial_devices
3ffa2258 b serial_current
3ffa2280 B do_fat_read_at_block
3ffb2280 B get_dentfromdir_block
3ffc2280 b cur_part_info
3ffc2300 B get_contents_vfatname_block
3ffd2300 b cur_dev
3ffd2304 b fs_partition
3ffd2354 b fs_type
3ffd2358 b fs_dev_desc
3ffd235c B errno
3ffd2360 b local.3499
3ffd2378 B NetArpWaitPacketIP
3ffd237c B NetArpWaitTimerStart
3ffd2380 b NetArpWaitReplyIP
3ffd2384 B NetArpWaitTxPacketSize
3ffd2388 B NetArpWaitTry
3ffd238c b NetArpTxPacket
3ffd2390 b NetArpPacketBuf
3ffd29d0 B NetArpWaitPacketMAC
3ffd29d4 B BootpTry
3ffd29d8 B BootpID
3ffd29dc b first_failed.3905
3ffd29e0 B eth_current
3ffd29e4 b env_changed_id.3911
3ffd29e8 b act.3910
3ffd29ec b eth_devices
3ffd29f0 b index.3858
3ffd29f4 B NetOurEther
3ffd29fc B NetServerIP
3ffd2a00 b env_changed_id.3488
3ffd2a04 b NetRestarted
3ffd2a08 B net_state
3ffd2a0c B NetRxPackets
3ffd2a1c B NetBootFileSize
3ffd2a20 B NetEtherNullAddr
3ffd2a28 B NetRxPacket
3ffd2a2c b udp_packet_handler
3ffd2a30 b NetDevExists
3ffd2a34 b timeStart
3ffd2a38 b timeHandler
3ffd2a3c b NetTryCount
3ffd2a40 B NetOurDNSIP
3ffd2a44 B NetOurSubnetMask
3ffd2a48 B NetTxPacket
3ffd2a4c B NetBootFileXferSize
3ffd2a50 B NetOurIP
3ffd2a54 B NetOurNISDomain
3ffd2a74 B NetIPID
3ffd2a78 B NetOurGatewayIP
3ffd2a7c b arp_packet_handler
3ffd2a80 B NetOurHostName
3ffd2aa0 B NetRestartWrap
3ffd2aa4 B NetRxPacketLen
3ffd2aa8 B BootFile
3ffd2b28 b timeDelta
3ffd2b2c B NetServerEther
3ffd2b34 b PktBuf
3ffd4974 B NetOurRootPath
3ffd49b4 b NfsOurPort
3ffd49b8 b NfsServerIP
3ffd49bc b nfs_filename
3ffd49c0 b nfs_len
3ffd49c4 b NfsSrvMountPort
3ffd49c8 b dirfh
3ffd49e8 b NfsSrvNfsPort
3ffd49ec b rpc_id
3ffd49f0 b fs_mounted
3ffd49f4 b nfs_path_buff
3ffd51f4 b nfs_download_state
3ffd51f8 b nfs_path
3ffd51fc b filefh
3ffd521c b NfsState
3ffd5220 b default_filename
3ffd5260 b default_filename
3ffd5270 b NfsTimeoutCount
3ffd5274 B NetPingIP
3ffd5278 b PingSeqNo
3ffd527c b time_start
3ffd5280 b TftpTimeoutCount
3ffd5284 b TftpBlockWrap
3ffd5288 b TftpBlock
3ffd528c b TftpOurPort
3ffd5290 b TftpRemoteIP
3ffd5294 b TftpState
3ffd5298 b TftpRemotePort
3ffd529c b tftp_filename
3ffd531c b TftpBlockWrapOffset
3ffd5320 b TftpLastBlock
3ffd5324 B __bss_end
3ffd5324 B __bss_limit
