Archive member included because of file (symbol)

/opt/FriendlyARM/toolschain/4.5.1/lib/gcc/arm-none-linux-gnueabi/4.5.1/libgcc.a(_udivsi3.o)
                              arch/arm/cpu/armv7/built-in.o (__aeabi_uidiv)
/opt/FriendlyARM/toolschain/4.5.1/lib/gcc/arm-none-linux-gnueabi/4.5.1/libgcc.a(_divsi3.o)
                              common/built-in.o (__aeabi_idiv)
/opt/FriendlyARM/toolschain/4.5.1/lib/gcc/arm-none-linux-gnueabi/4.5.1/libgcc.a(_lshrdi3.o)
                              drivers/mtd/nand/built-in.o (__aeabi_llsr)
/opt/FriendlyARM/toolschain/4.5.1/lib/gcc/arm-none-linux-gnueabi/4.5.1/libgcc.a(_ashrdi3.o)
                              drivers/mtd/nand/built-in.o (__aeabi_lasr)
/opt/FriendlyARM/toolschain/4.5.1/lib/gcc/arm-none-linux-gnueabi/4.5.1/libgcc.a(_ashldi3.o)
                              drivers/mtd/nand/built-in.o (__aeabi_llsl)
/opt/FriendlyARM/toolschain/4.5.1/lib/gcc/arm-none-linux-gnueabi/4.5.1/libgcc.a(_dvmd_lnx.o)
                              /opt/FriendlyARM/toolschain/4.5.1/lib/gcc/arm-none-linux-gnueabi/4.5.1/libgcc.a(_udivsi3.o) (__aeabi_idiv0)

Discarded input sections

 .data          0x00000000        0x0 arch/arm/cpu/armv7/start.o
 .bss           0x00000000        0x0 arch/arm/cpu/armv7/start.o
 .text          0x00000000        0x0 arch/arm/cpu/armv7/built-in.o
 .text.invalidate_dcache_range
                0x00000000       0x24 arch/arm/cpu/armv7/built-in.o
 .text.mmu_page_table_flush
                0x00000000       0x10 arch/arm/cpu/armv7/built-in.o
 .text.__v7_outer_cache_enable
                0x00000000        0x4 arch/arm/cpu/armv7/built-in.o
 .text.__v7_outer_cache_disable
                0x00000000        0x4 arch/arm/cpu/armv7/built-in.o
 .text.__v7_outer_cache_inval_range
                0x00000000        0x4 arch/arm/cpu/armv7/built-in.o
 .text.get_device_type
                0x00000000       0x10 arch/arm/cpu/armv7/built-in.o
 .text.pwm_disable
                0x00000000       0x50 arch/arm/cpu/armv7/built-in.o
 .text.s5p_config_sromc
                0x00000000       0x4c arch/arm/cpu/armv7/built-in.o
 .text.timer_get_us
                0x00000000       0x54 arch/arm/cpu/armv7/built-in.o
 .text.sdelay   0x00000000        0xc arch/arm/cpu/armv7/built-in.o
 .text.sr32     0x00000000       0x24 arch/arm/cpu/armv7/built-in.o
 .text.wait_on_value
                0x00000000       0x34 arch/arm/cpu/armv7/built-in.o
 .data          0x00000000        0x0 arch/arm/cpu/armv7/built-in.o
 .data.s5p_cpu_rev
                0x00000000        0x4 arch/arm/cpu/armv7/built-in.o
 .bss           0x00000000        0x0 arch/arm/cpu/armv7/built-in.o
 .bss.base_time_us.3281
                0x00000000        0x4 arch/arm/cpu/armv7/built-in.o
 .text.set_mmc_clk
                0x00000000        0x4 arch/arm/cpu/armv7/s5pc1xx/built-in.o
 .data          0x00000000        0x0 arch/arm/cpu/armv7/s5pc1xx/built-in.o
 .bss           0x00000000        0x0 arch/arm/cpu/armv7/s5pc1xx/built-in.o
 .text.__coloured_LED_init
                0x00000000        0x4 arch/arm/lib/built-in.o
 .text.__red_led_on
                0x00000000        0x4 arch/arm/lib/built-in.o
 .text.__red_led_off
                0x00000000        0x4 arch/arm/lib/built-in.o
 .text.__green_led_on
                0x00000000        0x4 arch/arm/lib/built-in.o
 .text.__green_led_off
                0x00000000        0x4 arch/arm/lib/built-in.o
 .text.__yellow_led_on
                0x00000000        0x4 arch/arm/lib/built-in.o
 .text.__yellow_led_off
                0x00000000        0x4 arch/arm/lib/built-in.o
 .text.__blue_led_on
                0x00000000        0x4 arch/arm/lib/built-in.o
 .text.__blue_led_off
                0x00000000        0x4 arch/arm/lib/built-in.o
 .text.__dram_init_banksize
                0x00000000       0x1c arch/arm/lib/built-in.o
 .text.__arch_cpu_init
                0x00000000        0x8 arch/arm/lib/built-in.o
 .text.__arm_init_before_mmu
                0x00000000        0x4 arch/arm/lib/built-in.o
 .text.__mmu_page_table_flush
                0x00000000        0x4 arch/arm/lib/built-in.o
 .text.mmu_set_region_dcache_behaviour
                0x00000000       0x50 arch/arm/lib/built-in.o
 .text.__flush_cache
                0x00000000        0x4 arch/arm/lib/built-in.o
 .text.__flush_dcache_all
                0x00000000        0xc arch/arm/lib/built-in.o
 .data          0x00000000        0x0 arch/arm/lib/built-in.o
 .bss           0x00000000        0x0 arch/arm/lib/built-in.o
 .data          0x00000000        0x0 board/samsung/tiny210/built-in.o
 .bss           0x00000000        0x0 board/samsung/tiny210/built-in.o
 .text          0x00000000        0x0 common/built-in.o
 .text.invalidate_icache_all
                0x00000000        0xc common/built-in.o
 .text.flush_dcache_all
                0x00000000        0xc common/built-in.o
 .text.getenv_hex
                0x00000000       0x34 common/built-in.o
 .text.serial_printf
                0x00000000       0x44 common/built-in.o
[...]
Memory Configuration

Name             Origin             Length             Attributes
*default*        0x00000000         0xffffffff

Linker script and memory map

                0x00000000                . = 0x0
                0x00000000                . = ALIGN (0x4)

.text           0x3ff70000    0x237b0
 *(.__image_copy_start)
 .__image_copy_start
                0x3ff70000        0x0 arch/arm/lib/built-in.o
                0x3ff70000                __image_copy_start
 arch/arm/cpu/armv7/start.o(.text*)
 .text          0x3ff70000      0x3c0 arch/arm/cpu/armv7/start.o
                0x3ff70000                _start
                0x3ff70040                _end_vect
                0x3ff70040                _TEXT_BASE
                0x3ff70044                _bss_start_ofs
                0x3ff70048                _bss_end_ofs
                0x3ff7004c                _end_ofs
                0x3ff70050                IRQ_STACK_START_IN
                0x3ff700ac                c_runtime_cpu_setup
                0x3ff700c4                save_boot_params
                0x3ff700c8                cpu_init_cp15
                0x3ff70100                cpu_init_crit
 *(.text*)
 .text.v7_maint_dcache_all
                0x3ff703c0       0xf0 arch/arm/cpu/armv7/built-in.o
 .text.v7_inval_tlb
                0x3ff704b0       0x1c arch/arm/cpu/armv7/built-in.o
 .text.v7_dcache_maint_range
                0x3ff704cc       0xc8 arch/arm/cpu/armv7/built-in.o
 .text.invalidate_dcache_all
                0x3ff70594       0x14 arch/arm/cpu/armv7/built-in.o
                0x3ff70594                invalidate_dcache_all
 .text.flush_dcache_all
                0x3ff705a8       0x14 arch/arm/cpu/armv7/built-in.o
                0x3ff705a8                flush_dcache_all
 .text.flush_dcache_range
                0x3ff705bc       0x24 arch/arm/cpu/armv7/built-in.o
                0x3ff705bc                flush_dcache_range
 .text.arm_init_before_mmu
                0x3ff705e0       0x14 arch/arm/cpu/armv7/built-in.o
                0x3ff705e0                arm_init_before_mmu
 .text.flush_cache
                0x3ff705f4        0x8 arch/arm/cpu/armv7/built-in.o
                0x3ff705f4                flush_cache
 .text.invalidate_icache_all
                0x3ff705fc       0x18 arch/arm/cpu/armv7/built-in.o
                0x3ff705fc                invalidate_icache_all
 .text.__v7_outer_cache_flush_all
                0x3ff70614        0x4 arch/arm/cpu/armv7/built-in.o
                0x3ff70614                __v7_outer_cache_flush_all
                0x3ff70614                v7_outer_cache_flush_all
 .text.__v7_outer_cache_inval_all
                0x3ff70618        0x4 arch/arm/cpu/armv7/built-in.o
                0x3ff70618                v7_outer_cache_inval_all
                0x3ff70618                __v7_outer_cache_inval_all
 .text.__v7_outer_cache_flush_range
                0x3ff7061c        0x4 arch/arm/cpu/armv7/built-in.o
                0x3ff7061c                v7_outer_cache_flush_range
                0x3ff7061c                __v7_outer_cache_flush_range
 .text.cpu_cache_initialization
                0x3ff70620        0x4 arch/arm/cpu/armv7/built-in.o
                0x3ff70620                cpu_cache_initialization
 .text.cleanup_before_linux
                0x3ff70624       0x28 arch/arm/cpu/armv7/built-in.o
                0x3ff70624                cleanup_before_linux
 .text.arch_cpu_init
                0x3ff7064c       0x24 arch/arm/cpu/armv7/built-in.o
                0x3ff7064c                arch_cpu_init
 .text.print_cpuinfo
                0x3ff70670       0x4c arch/arm/cpu/armv7/built-in.o
                0x3ff70670                print_cpuinfo
 .text.pwm_enable
                0x3ff706bc       0x54 arch/arm/cpu/armv7/built-in.o
                0x3ff706bc                pwm_enable
 .text.pwm_config
                0x3ff70710      0x158 arch/arm/cpu/armv7/built-in.o
                0x3ff70710                pwm_config
 .text.pwm_init
                0x3ff70868      0x100 arch/arm/cpu/armv7/built-in.o
                0x3ff70868                pwm_init
 .text.timer_get_us_down
                0x3ff70968       0x34 arch/arm/cpu/armv7/built-in.o
 .text.get_timer
                0x3ff7099c       0x64 arch/arm/cpu/armv7/built-in.o
                0x3ff7099c                get_timer
 .text.__udelay
                0x3ff70a00       0x24 arch/arm/cpu/armv7/built-in.o
                0x3ff70a00                __udelay
 .text.reset_timer_masked
                0x3ff70a24       0x40 arch/arm/cpu/armv7/built-in.o
                0x3ff70a24                reset_timer_masked
 .text.timer_init
                0x3ff70a64       0x54 arch/arm/cpu/armv7/built-in.o
                0x3ff70a64                timer_init
 .text.get_ticks
                0x3ff70ab8       0x14 arch/arm/cpu/armv7/built-in.o
                0x3ff70ab8                get_ticks
 .text.get_tbclk
                0x3ff70acc        0x8 arch/arm/cpu/armv7/built-in.o
                0x3ff70acc                get_tbclk
 *fill*         0x3ff70ad4        0xc 00
 .text          0x3ff70ae0       0x7c arch/arm/cpu/armv7/s5pc1xx/built-in.o
                0x3ff70ae0                v7_outer_cache_enable
                0x3ff70af4                v7_outer_cache_disable
                0x3ff70b20                reset_cpu
 .text.get_pll_clk
                0x3ff70b5c      0x148 arch/arm/cpu/armv7/s5pc1xx/built-in.o
                0x3ff70b5c                get_pll_clk
 .text.s5pc100_get_pclk
                0x3ff70ca4       0x58 arch/arm/cpu/armv7/s5pc1xx/built-in.o
 .text.s5pc110_get_pclk
                0x3ff70cfc       0x80 arch/arm/cpu/armv7/s5pc1xx/built-in.o
 .text.get_arm_clk
                0x3ff70d7c       0x78 arch/arm/cpu/armv7/s5pc1xx/built-in.o
                0x3ff70d7c                get_arm_clk
 .text.get_pwm_clk
                0x3ff70df4       0x20 arch/arm/cpu/armv7/s5pc1xx/built-in.o
                0x3ff70df4                get_pwm_clk
 .text.get_uart_clk
                0x3ff70e14       0x20 arch/arm/cpu/armv7/s5pc1xx/built-in.o
                0x3ff70e14                get_uart_clk
 .text          0x3ff70e34       0xa8 arch/arm/lib/built-in.o
                0x3ff70e34                _main
                0x3ff70e78                relocate_code
 .text.display_banner
                0x3ff70edc       0x20 arch/arm/lib/built-in.o
 .text.init_baudrate
                0x3ff70efc       0x2c arch/arm/lib/built-in.o
 .text.mark_bootstage
                0x3ff70f28       0x14 arch/arm/lib/built-in.o
 .text.__power_init_board
                0x3ff70f3c        0x8 arch/arm/lib/built-in.o
                0x3ff70f3c                __power_init_board
                0x3ff70f3c                power_init_board
 .text.board_init_f
                0x3ff70f44      0x120 arch/arm/lib/built-in.o
                0x3ff70f44                board_init_f
 .text.board_init_r
                0x3ff71064       0xb4 arch/arm/lib/built-in.o
                0x3ff71064                board_init_r
 .text.boot_jump_linux.clone.5
                0x3ff71118       0xa0 arch/arm/lib/built-in.o
 .text.arch_lmb_reserve
                0x3ff711b8       0x24 arch/arm/lib/built-in.o
                0x3ff711b8                arch_lmb_reserve
 .text.setup_board_tags
                0x3ff711dc        0x4 arch/arm/lib/built-in.o
                0x3ff711dc                setup_board_tags
 .text.boot_prep_linux
                0x3ff711e0      0x154 arch/arm/lib/built-in.o
 .text.do_bootm_linux
                0x3ff71334       0x64 arch/arm/lib/built-in.o
                0x3ff71334                do_bootm_linux
 .text.boot_prep_vxworks
                0x3ff71398        0x4 arch/arm/lib/built-in.o
                0x3ff71398                boot_prep_vxworks
 .text.boot_jump_vxworks
                0x3ff7139c       0x14 arch/arm/lib/built-in.o
                0x3ff7139c                boot_jump_vxworks
 .text.cp_delay
                0x3ff713b0       0x30 arch/arm/lib/built-in.o
 .text.cache_disable
                0x3ff713e0       0x44 arch/arm/lib/built-in.o
 .text.arm_init_domains
                0x3ff71424        0x4 arch/arm/lib/built-in.o
                0x3ff71424                arm_init_domains
 .text.set_section_dcache
                0x3ff71428       0x14 arch/arm/lib/built-in.o
                0x3ff71428                set_section_dcache
 .text.dram_bank_mmu_setup
                0x3ff7143c       0x44 arch/arm/lib/built-in.o
                0x3ff7143c                dram_bank_mmu_setup
 .text.cache_enable
                0x3ff71480       0x78 arch/arm/lib/built-in.o
 .text.icache_enable
                0x3ff714f8        0x8 arch/arm/lib/built-in.o
                0x3ff714f8                icache_enable
 .text.icache_disable
                0x3ff71500        0x8 arch/arm/lib/built-in.o
                0x3ff71500                icache_disable
 .text.icache_status
                0x3ff71508        0xc arch/arm/lib/built-in.o
                0x3ff71508                icache_status
 .text.dcache_enable
                0x3ff71514        0x8 arch/arm/lib/built-in.o
                0x3ff71514                dcache_enable
 .text.dcache_disable
                0x3ff7151c        0x8 arch/arm/lib/built-in.o
                0x3ff7151c                dcache_disable
 .text.dcache_status
                0x3ff71524        0xc arch/arm/lib/built-in.o
                0x3ff71524                dcache_status
 .text.__enable_caches
                0x3ff71530        0xc arch/arm/lib/built-in.o
                0x3ff71530                enable_caches
                0x3ff71530                __enable_caches
 .text.interrupt_init
                0x3ff7153c       0x1c arch/arm/lib/built-in.o
                0x3ff7153c                interrupt_init
 .text.enable_interrupts
                0x3ff71558        0x4 arch/arm/lib/built-in.o
                0x3ff71558                enable_interrupts
 .text.disable_interrupts
                0x3ff7155c        0x8 arch/arm/lib/built-in.o
                0x3ff7155c                disable_interrupts
 .text.bad_mode
                0x3ff71564       0x10 arch/arm/lib/built-in.o
                0x3ff71564                bad_mode
 .text.show_regs
                0x3ff71574      0x140 arch/arm/lib/built-in.o
                0x3ff71574                show_regs
 .text.do_undefined_instruction
                0x3ff716b4       0x24 arch/arm/lib/built-in.o
                0x3ff716b4                do_undefined_instruction
 .text.do_software_interrupt
                0x3ff716d8       0x24 arch/arm/lib/built-in.o
                0x3ff716d8                do_software_interrupt
 .text.do_prefetch_abort
                0x3ff716fc       0x24 arch/arm/lib/built-in.o
                0x3ff716fc                do_prefetch_abort
 .text.do_data_abort
                0x3ff71720       0x24 arch/arm/lib/built-in.o
                0x3ff71720                do_data_abort
 .text.do_not_used
                0x3ff71744       0x24 arch/arm/lib/built-in.o
                0x3ff71744                do_not_used
 .text.do_fiq   0x3ff71768       0x24 arch/arm/lib/built-in.o
                0x3ff71768                do_fiq
 .text.do_irq   0x3ff7178c       0x24 arch/arm/lib/built-in.o
                0x3ff7178c                do_irq
 .text.do_reset
                0x3ff717b0       0x2c arch/arm/lib/built-in.o
                0x3ff717b0                do_reset
 .text          0x3ff717dc      0x36c board/samsung/tiny210/built-in.o
                0x3ff717e0                lowlevel_init
                0x3ff71930                mem_ctrl_asm_init
 .text.board_init
                0x3ff71b48       0x24 board/samsung/tiny210/built-in.o
                0x3ff71b48                board_init
 .text.dram_init
                0x3ff71b6c       0x20 board/samsung/tiny210/built-in.o
                0x3ff71b6c                dram_init
 .text.dram_init_banksize
                0x3ff71b8c       0x18 board/samsung/tiny210/built-in.o
                0x3ff71b8c                dram_init_banksize
 .text.checkboard
                0x3ff71ba4       0x18 board/samsung/tiny210/built-in.o
                0x3ff71ba4                checkboard
 .text.board_eth_init
                0x3ff71bbc        0x4 board/samsung/tiny210/built-in.o
                0x3ff71bbc                board_eth_init
 .text.do_bdinfo
                0x3ff71bc0      0x1b0 common/built-in.o
                0x3ff71bc0                do_bdinfo
 .text.do_go_exec
                0x3ff71d70       0x18 common/built-in.o
                0x3ff71d70                do_go_exec
 .text.do_go    0x3ff71d88       0x6c common/built-in.o
 .text.image_info
                0x3ff71df4       0xd0 common/built-in.o
 .text.do_iminfo
                0x3ff71ec4       0x60 common/built-in.o
 .text.do_bootm_rtems
                0x3ff71f24       0x40 common/built-in.o
 .text.do_bootd
                0x3ff71f64       0x24 common/built-in.o
                0x3ff71f64                do_bootd
 .text.do_bootm_standalone
                0x3ff71f88       0x68 common/built-in.o
 .text.copy_args
                0x3ff71ff0       0x4c common/built-in.o
 .text.do_bootm_plan9
                0x3ff7203c       0xa4 common/built-in.o
 .text.do_bootm_qnxelf
                0x3ff720e0       0x5c common/built-in.o
 .text.do_bootm_netbsd
                0x3ff7213c       0xf4 common/built-in.o
 .text.do_bootm_states.clone.21.clone.22
                0x3ff72230      0x78c common/built-in.o
 .text.do_bootm
                0x3ff729bc       0xdc common/built-in.o
                0x3ff729bc                do_bootm
 .text.__arch_preboot_os
                0x3ff72a98        0x4 common/built-in.o
                0x3ff72a98                arch_preboot_os
 .text.bootm_maybe_autostart
                0x3ff72a9c       0x74 common/built-in.o
                0x3ff72a9c                bootm_maybe_autostart
 .text.do_bootvx_fdt
                0x3ff72b10       0x3c common/built-in.o
                0x3ff72b10                do_bootvx_fdt
 .text.do_bootm_vxworks
                0x3ff72b4c       0x24 common/built-in.o
 .text.parse_argv
                0x3ff72b70       0x5c common/built-in.o
 .text.do_icache
                0x3ff72bcc       0x90 common/built-in.o
                0x3ff72bcc                do_icache
 .text.do_dcache
                0x3ff72c5c       0x90 common/built-in.o
                0x3ff72c5c                do_dcache
 .text.do_coninfo
                0x3ff72cec       0xb8 common/built-in.o
 .text.do_echo  0x3ff72da4       0xc0 common/built-in.o
 .text.load_elf_image_shdr
                0x3ff72e64       0x90 common/built-in.o
 .text.do_bootelf_exec
                0x3ff72ef4       0x44 common/built-in.o
                0x3ff72ef4                do_bootelf_exec
 .text.valid_elf_image
                0x3ff72f38       0x4c common/built-in.o
                0x3ff72f38                valid_elf_image
 .text.do_bootvx
                0x3ff72f84      0x2a0 common/built-in.o
                0x3ff72f84                do_bootvx
 .text.do_bootelf
                0x3ff73224      0x154 common/built-in.o
                0x3ff73224                do_bootelf
 .text.do_exit  0x3ff73378       0x30 common/built-in.o
 .text.do_fat_fsinfo
                0x3ff733a8       0x94 common/built-in.o
 .text.do_fat_ls
                0x3ff7343c       0x14 common/built-in.o
 .text.do_fat_fsload
                0x3ff73450       0x14 common/built-in.o
                0x3ff73450                do_fat_fsload
 .text.do_help  0x3ff73464       0x48 common/built-in.o
 .text.evalstr  0x3ff734ac       0x1c common/built-in.o
 .text.evalexp  0x3ff734c8       0x70 common/built-in.o
 .text.binary_test
                0x3ff73538      0x1bc common/built-in.o
 .text.do_itest
                0x3ff736f4       0x98 common/built-in.o
 .text.ktrans   0x3ff7378c       0x20 common/built-in.o
 .text.bin_data_init
                0x3ff737ac       0x2c common/built-in.o
 .text.bin_data_char
                0x3ff737d8       0x28 common/built-in.o
 .text.k_data_save
                0x3ff73800       0x4c common/built-in.o
 .text.k_data_restore
                0x3ff7384c       0x4c common/built-in.o
 .text.load_serial_ymodem
                0x3ff73898       0xdc common/built-in.o
 .text.getcxmodem
                0x3ff73974       0x20 common/built-in.o
 .text.load_serial
                0x3ff73994      0x1fc common/built-in.o
 .text.do_load_serial
                0x3ff73b90       0xdc common/built-in.o
 .text.s1_sendpacket.clone.0
                0x3ff73c6c       0x50 common/built-in.o
 .text.chk1.clone.1
                0x3ff73cbc       0x30 common/built-in.o
 .text.do_load_serial_bin
                0x3ff73cec      0x774 common/built-in.o
 .text.do_mem_loop
                0x3ff74460       0xf4 common/built-in.o
 .text.do_mem_mw
                0x3ff74554       0xb8 common/built-in.o
 .text.do_mem_base
                0x3ff7460c       0x44 common/built-in.o
 .text.do_mem_cmp
                0x3ff74650      0x14c common/built-in.o
 .text.do_mem_crc
                0x3ff7479c       0x40 common/built-in.o
 .text.do_mem_cp
                0x3ff747dc       0xd4 common/built-in.o
 .text.do_mem_md
                0x3ff748b0       0xe0 common/built-in.o
 .text.mod_mem.clone.2
                0x3ff74990      0x164 common/built-in.o
 .text.do_mem_nm
                0x3ff74af4        0x8 common/built-in.o
 .text.do_mem_mm
                0x3ff74afc        0x8 common/built-in.o
 .text.do_sleep
                0x3ff74b04       0x74 common/built-in.o
 .text.mtd_part_info
                0x3ff74b78       0x94 common/built-in.o
 .text.memsize_format
                0x3ff74c0c       0xa0 common/built-in.o
 .text.index_partitions
                0x3ff74cac       0xb4 common/built-in.o
 .text.current_save
                0x3ff74d60       0xbc common/built-in.o
 .text.part_sort_add
                0x3ff74e1c      0x168 common/built-in.o
 .text.part_delall
                0x3ff74f84       0x44 common/built-in.o
 .text.device_del
                0x3ff74fc8       0x7c common/built-in.o
 .text.memsize_parse
                0x3ff75044       0x80 common/built-in.o
 .text.get_mtd_info
                0x3ff750c4       0x80 common/built-in.o
 .text.part_validate
                0x3ff75144      0x358 common/built-in.o
 .text.device_delall.clone.2
                0x3ff7549c       0x60 common/built-in.o
 .text.mtd_devices_init
                0x3ff754fc       0x2c common/built-in.o
 .text.generate_mtdparts_save.clone.1
                0x3ff75528      0x2fc common/built-in.o
 .text.device_find
                0x3ff75824       0x50 common/built-in.o
                0x3ff75824                device_find
 .text.device_parse
                0x3ff75874      0x50c common/built-in.o
 .text.mtd_id_parse
                0x3ff75d80      0x110 common/built-in.o
                0x3ff75d80                mtd_id_parse
 .text.find_dev_and_part
                0x3ff75e90      0x1b8 common/built-in.o
                0x3ff75e90                find_dev_and_part
 .text.mtdparts_init
                0x3ff76048      0x68c common/built-in.o
                0x3ff76048                mtdparts_init
 .text.do_mtdparts
                0x3ff766d4      0x5b8 common/built-in.o
 .text.do_chpart
                0x3ff76c8c       0xd0 common/built-in.o
 .text.set_dev  0x3ff76d5c       0x70 common/built-in.o
 .text.nand_load_image
                0x3ff76dcc      0x1bc common/built-in.o
 .text.do_nandboot
                0x3ff76f88      0x25c common/built-in.o
 .text.nand_print_and_set_info
                0x3ff771e4       0xd0 common/built-in.o
 .text.arg_off  0x3ff772b4      0x118 common/built-in.o
 .text.arg_off_size
                0x3ff773cc      0x168 common/built-in.o
 .text.do_nand  0x3ff77534      0xc9c common/built-in.o
 .text.do_ping  0x3ff781d0       0x78 common/built-in.o
 .text.netboot_common
                0x3ff78248      0x2b0 common/built-in.o
 .text.do_nfs   0x3ff784f8        0xc common/built-in.o
 .text.do_bootp
                0x3ff78504        0xc common/built-in.o
 .text.do_tftpb
                0x3ff78510       0x40 common/built-in.o
                0x3ff78510                do_tftpb
 .text.do_env_delete
                0x3ff78550       0x9c common/built-in.o
 .text.env_print
                0x3ff785ec       0xc8 common/built-in.o
 .text.do_env_print
                0x3ff786b4       0xd0 common/built-in.o
 .text.do_env   0x3ff78784       0x60 common/built-in.o
 .text.do_env_import
                0x3ff787e4      0x254 common/built-in.o
 .text.do_env_default
                0x3ff78a38       0xb8 common/built-in.o
 .text.do_env_save
                0x3ff78af0       0x2c common/built-in.o
 .text._do_env_set.clone.0
                0x3ff78b1c      0x1c4 common/built-in.o
 .text.do_env_set
                0x3ff78ce0       0x1c common/built-in.o
 .text.get_env_id
                0x3ff78cfc       0x10 common/built-in.o
                0x3ff78cfc                get_env_id
 .text.setenv   0x3ff78d0c       0x5c common/built-in.o
                0x3ff78d0c                setenv
 .text.setenv_ulong
                0x3ff78d68       0x20 common/built-in.o
                0x3ff78d68                setenv_ulong
 .text.setenv_hex
                0x3ff78d88       0x38 common/built-in.o
                0x3ff78d88                setenv_hex
 .text.do_env_export
                0x3ff78dc0      0x264 common/built-in.o
 .text.envmatch
                0x3ff79024       0x6c common/built-in.o
                0x3ff79024                envmatch
 .text.getenv_f
                0x3ff79090       0xbc common/built-in.o
                0x3ff79090                getenv_f
 .text.getenv   0x3ff7914c       0x78 common/built-in.o
                0x3ff7914c                getenv
 .text.do_env_edit
                0x3ff791c4       0x74 common/built-in.o
 .text.getenv_ulong
                0x3ff79238       0x30 common/built-in.o
                0x3ff79238                getenv_ulong
 .text.do_reginfo
                0x3ff79268        0x8 common/built-in.o
 .text.source   0x3ff79270       0xdc common/built-in.o
                0x3ff79270                source
 .text.do_source
                0x3ff7934c       0x44 common/built-in.o
                0x3ff7934c                do_source
 .text.do_false
                0x3ff79390        0x8 common/built-in.o
 .text.do_true  0x3ff79398        0x8 common/built-in.o
 .text.do_test  0x3ff793a0      0x470 common/built-in.o
 .text.do_version
                0x3ff79810       0x38 common/built-in.o
 .text.do_imgextract
                0x3ff79848      0x298 common/built-in.o
 .text.find_cmd_tbl
                0x3ff79ae0       0x9c common/built-in.o
                0x3ff79ae0                find_cmd_tbl
 .text.find_cmd
                0x3ff79b7c       0x28 common/built-in.o
                0x3ff79b7c                find_cmd
 .text.cmd_usage
                0x3ff79ba4       0x5c common/built-in.o
                0x3ff79ba4                cmd_usage
 .text._do_help
                0x3ff79c00      0x188 common/built-in.o
                0x3ff79c00                _do_help
 .text.cmd_get_data_size
                0x3ff79d88       0x50 common/built-in.o
                0x3ff79d88                cmd_get_data_size
 .text.cmd_process
                0x3ff79dd8       0xf0 common/built-in.o
                0x3ff79dd8                cmd_process
 .text.console_setfile
                0x3ff79ec8       0xa4 common/built-in.o
 .text.fgetc    0x3ff79f6c       0x2c common/built-in.o
                0x3ff79f6c                fgetc
 .text.ftstc    0x3ff79f98       0x2c common/built-in.o
                0x3ff79f98                ftstc
 .text.fputc    0x3ff79fc4       0x28 common/built-in.o
                0x3ff79fc4                fputc
 .text.fputs    0x3ff79fec       0x28 common/built-in.o
                0x3ff79fec                fputs
 .text.getc     0x3ff7a014       0x24 common/built-in.o
                0x3ff7a014                getc
 .text.tstc     0x3ff7a038       0x24 common/built-in.o
                0x3ff7a038                tstc
 .text.putc     0x3ff7a05c       0x28 common/built-in.o
                0x3ff7a05c                putc
 .text.puts     0x3ff7a084       0x28 common/built-in.o
                0x3ff7a084                puts
 .text.printf   0x3ff7a0ac       0x50 common/built-in.o
                0x3ff7a0ac                printf
 .text.vprintf  0x3ff7a0fc       0x44 common/built-in.o
                0x3ff7a0fc                vprintf
 .text.ctrlc    0x3ff7a140       0x54 common/built-in.o
                0x3ff7a140                ctrlc
 .text.had_ctrlc
                0x3ff7a194       0x10 common/built-in.o
                0x3ff7a194                had_ctrlc
 .text.clear_ctrlc
                0x3ff7a1a4       0x14 common/built-in.o
                0x3ff7a1a4                clear_ctrlc
 .text.search_device
                0x3ff7a1b8       0x28 common/built-in.o
                0x3ff7a1b8                search_device
 .text.console_assign
                0x3ff7a1e0       0x40 common/built-in.o
                0x3ff7a1e0                console_assign
 .text.on_console
                0x3ff7a220       0xc4 common/built-in.o
 .text.console_init_f
                0x3ff7a2e4       0x10 common/built-in.o
                0x3ff7a2e4                console_init_f
 .text.stdio_print_current_devices
                0x3ff7a2f4       0xb8 common/built-in.o
                0x3ff7a2f4                stdio_print_current_devices
 .text.console_init_r
                0x3ff7a3ac       0xe0 common/built-in.o
                0x3ff7a3ac                console_init_r
 .text.sbrk     0x3ff7a48c       0x6c common/built-in.o
                0x3ff7a48c                sbrk
 .text.mem_malloc_init
                0x3ff7a4f8       0x34 common/built-in.o
                0x3ff7a4f8                mem_malloc_init
 .text.malloc_trim
                0x3ff7a52c       0xd8 common/built-in.o
                0x3ff7a52c                malloc_trim
 .text.free     0x3ff7a604      0x228 common/built-in.o
                0x3ff7a604                free
 .text.malloc   0x3ff7a82c      0x5e0 common/built-in.o
                0x3ff7a82c                malloc
 .text.calloc   0x3ff7ae0c       0xe0 common/built-in.o
                0x3ff7ae0c                calloc
 .text.memalign
                0x3ff7aeec      0x110 common/built-in.o
                0x3ff7aeec                memalign
 .text.realloc  0x3ff7affc      0x450 common/built-in.o
                0x3ff7affc                realloc
 .text.reverse_strstr
                0x3ff7b44c       0x64 common/built-in.o
 .text.env_attr_walk
                0x3ff7b4b0      0x110 common/built-in.o
                0x3ff7b4b0                env_attr_walk
 .text.env_attr_lookup
                0x3ff7b5c0      0x124 common/built-in.o
                0x3ff7b5c0                env_attr_lookup
 .text.clear_callback
                0x3ff7b6e4       0x10 common/built-in.o
 .text.on_callbacks
                0x3ff7b6f4       0x48 common/built-in.o
 .text.find_env_callback
                0x3ff7b73c       0x64 common/built-in.o
 .text.set_callback
                0x3ff7b7a0       0x94 common/built-in.o
 .text.env_callback_init
                0x3ff7b834       0xc8 common/built-in.o
                0x3ff7b834                env_callback_init
 .text.__env_get_char_spec
                0x3ff7b8fc        0xc common/built-in.o
                0x3ff7b8fc                env_get_char_spec
 .text.env_get_addr
                0x3ff7b908       0x24 common/built-in.o
                0x3ff7b908                env_get_addr
 .text.env_get_char_memory
                0x3ff7b92c       0x10 common/built-in.o
                0x3ff7b92c                env_get_char_memory
 .text.env_get_char
                0x3ff7b93c       0x30 common/built-in.o
                0x3ff7b93c                env_get_char
 .text.getenv_yesno
                0x3ff7b96c       0x54 common/built-in.o
                0x3ff7b96c                getenv_yesno
 .text.getenv_default
                0x3ff7b9c0       0x30 common/built-in.o
                0x3ff7b9c0                getenv_default
 .text.set_default_env
                0x3ff7b9f0       0xb8 common/built-in.o
                0x3ff7b9f0                set_default_env
 .text.set_default_vars
                0x3ff7baa8       0x34 common/built-in.o
                0x3ff7baa8                set_default_vars
 .text.env_import
                0x3ff7badc       0xdc common/built-in.o
                0x3ff7badc                env_import
 .text.env_relocate
                0x3ff7bbb8       0x30 common/built-in.o
                0x3ff7bbb8                env_relocate
 .text.skip_num
                0x3ff7bbe8       0x78 common/built-in.o
 .text.clear_flags
                0x3ff7bc60       0x10 common/built-in.o
 .text.on_flags
                0x3ff7bc70       0x48 common/built-in.o
 .text.env_flags_parse_vartype
                0x3ff7bcb8       0x4c common/built-in.o
                0x3ff7bcb8                env_flags_parse_vartype
 .text.env_flags_parse_varaccess
                0x3ff7bd04       0x54 common/built-in.o
                0x3ff7bd04                env_flags_parse_varaccess
 .text.env_parse_flags_to_bin
                0x3ff7bd58       0x2c common/built-in.o
 .text.set_flags
                0x3ff7bd84       0x90 common/built-in.o
 .text.env_flags_init
                0x3ff7be14       0xbc common/built-in.o
                0x3ff7be14                env_flags_init
 .text.env_flags_validate
                0x3ff7bed0      0x334 common/built-in.o
                0x3ff7bed0                env_flags_validate
 .text.env_init
                0x3ff7c204       0x1c common/built-in.o
                0x3ff7c204                env_init
 .text.writeenv
                0x3ff7c220       0xb4 common/built-in.o
                0x3ff7c220                writeenv
 .text.saveenv  0x3ff7c2d4      0x128 common/built-in.o
                0x3ff7c2d4                saveenv
 .text.readenv  0x3ff7c3fc       0xc0 common/built-in.o
                0x3ff7c3fc                readenv
 .text.env_relocate_spec
                0x3ff7c4bc       0x50 common/built-in.o
                0x3ff7c4bc                env_relocate_spec
 .text.dummy    0x3ff7c50c        0x4 common/built-in.o
 .text.get_version
                0x3ff7c510        0x8 common/built-in.o
                0x3ff7c510                get_version
 .text.jumptable_init
                0x3ff7c518      0x190 common/built-in.o
                0x3ff7c518                jumptable_init
 .text.hash_command
                0x3ff7c6a8       0xa4 common/built-in.o
                0x3ff7c6a8                hash_command
 .text.static_get
                0x3ff7c74c       0x1c common/built-in.o
 .text.static_peek
                0x3ff7c768        0xc common/built-in.o
 .text.file_peek
                0x3ff7c774        0xc common/built-in.o
 .text.is_assignment
                0x3ff7c780       0x54 common/built-in.o
 .text.mapset   0x3ff7c7d4       0x20 common/built-in.o
 .text.syntax_err
                0x3ff7c7f4        0xc common/built-in.o
 .text.do_showvar
                0x3ff7c800       0xf0 common/built-in.o
 .text.xmalloc  0x3ff7c8f0       0x20 common/built-in.o
 .text.new_pipe
                0x3ff7c910       0x28 common/built-in.o
 .text.file_get
                0x3ff7c938      0x1b0 common/built-in.o
 .text.free_pipe_list
                0x3ff7cae8       0xdc common/built-in.o
 .text.xrealloc
                0x3ff7cbc4       0x20 common/built-in.o
 .text.done_command
                0x3ff7cbe4       0x88 common/built-in.o
 .text.done_pipe
                0x3ff7cc6c       0x48 common/built-in.o
 .text.b_addchr
                0x3ff7ccb4       0x78 common/built-in.o
 .text.done_word
                0x3ff7cd2c      0x2dc common/built-in.o
 .text.b_addqchr
                0x3ff7d008       0x4c common/built-in.o
 .text.get_local_var
                0x3ff7d054       0x98 common/built-in.o
                0x3ff7d054                get_local_var
 .text.set_local_var
                0x3ff7d0ec      0x1b8 common/built-in.o
                0x3ff7d0ec                set_local_var
 .text.insert_var_value_sub
                0x3ff7d2a4      0x2cc common/built-in.o
 .text.parse_string_outer
                0x3ff7d570       0xf0 common/built-in.o
                0x3ff7d570                parse_string_outer
 .text.run_list_real
                0x3ff7d660      0x7ec common/built-in.o
 .text.parse_stream_outer
                0x3ff7de4c      0x6f0 common/built-in.o
 .text.parse_file_outer
                0x3ff7e53c       0x44 common/built-in.o
                0x3ff7e53c                parse_file_outer
 .text.u_boot_hush_start
                0x3ff7e580       0x54 common/built-in.o
                0x3ff7e580                u_boot_hush_start
 .text.on_loadaddr
                0x3ff7e5d4       0x38 common/built-in.o
 .text.image_check_hcrc
                0x3ff7e60c       0x50 common/built-in.o
                0x3ff7e60c                image_check_hcrc
 .text.image_check_dcrc
                0x3ff7e65c       0x38 common/built-in.o
                0x3ff7e65c                image_check_dcrc
 .text.image_multi_count
                0x3ff7e694       0x20 common/built-in.o
                0x3ff7e694                image_multi_count
 .text.image_multi_getimg
                0x3ff7e6b4       0x7c common/built-in.o
                0x3ff7e6b4                image_multi_getimg
 .text.getenv_bootm_low
                0x3ff7e730       0x30 common/built-in.o
                0x3ff7e730                getenv_bootm_low
 .text.getenv_bootm_size
                0x3ff7e760       0x5c common/built-in.o
                0x3ff7e760                getenv_bootm_size
 .text.memmove_wd
                0x3ff7e7bc        0xc common/built-in.o
                0x3ff7e7bc                memmove_wd
 .text.genimg_print_size
                0x3ff7e7c8       0x30 common/built-in.o
                0x3ff7e7c8                genimg_print_size
 .text.get_table_entry_name
                0x3ff7e7f8       0x2c common/built-in.o
                0x3ff7e7f8                get_table_entry_name
 .text.genimg_get_os_name
                0x3ff7e824       0x18 common/built-in.o
                0x3ff7e824                genimg_get_os_name
 .text.genimg_get_arch_name
                0x3ff7e83c       0x18 common/built-in.o
                0x3ff7e83c                genimg_get_arch_name
 .text.genimg_get_type_name
                0x3ff7e854       0x18 common/built-in.o
                0x3ff7e854                genimg_get_type_name
 .text.genimg_get_comp_name
                0x3ff7e86c       0x18 common/built-in.o
                0x3ff7e86c                genimg_get_comp_name
 .text.image_print_contents
                0x3ff7e884      0x170 common/built-in.o
                0x3ff7e884                image_print_contents
 .text.genimg_get_format
                0x3ff7e9f4       0x20 common/built-in.o
                0x3ff7e9f4                genimg_get_format
 .text.genimg_get_image
                0x3ff7ea14        0x4 common/built-in.o
                0x3ff7ea14                genimg_get_image
 .text.boot_get_ramdisk
                0x3ff7ea18      0x240 common/built-in.o
                0x3ff7ea18                boot_get_ramdisk
 .text.boot_ramdisk_high
                0x3ff7ec58      0x12c common/built-in.o
                0x3ff7ec58                boot_ramdisk_high
 .text.delete_char
                0x3ff7ed84       0xd8 common/built-in.o
 .text.cread_add_char
                0x3ff7ee5c       0xec common/built-in.o
 .text.__show_boot_progress
                0x3ff7ef48        0x4 common/built-in.o
                0x3ff7ef48                __show_boot_progress
                0x3ff7ef48                show_boot_progress
 .text.readline_into_buffer
                0x3ff7ef4c      0x92c common/built-in.o
                0x3ff7ef4c                readline_into_buffer
 .text.readline
                0x3ff7f878       0x14 common/built-in.o
                0x3ff7f878                readline
 .text.run_command
                0x3ff7f88c        0x8 common/built-in.o
                0x3ff7f88c                run_command
 .text.run_command_list
                0x3ff7f894       0x5c common/built-in.o
                0x3ff7f894                run_command_list
 .text.main_loop
                0x3ff7f8f0      0x130 common/built-in.o
                0x3ff7f8f0                main_loop
 .text.do_run   0x3ff7fa20       0x70 common/built-in.o
                0x3ff7fa20                do_run
 .text.get_ram_size
                0x3ff7fa90       0xf8 common/built-in.o
                0x3ff7fa90                get_ram_size
 .text.hex1_bin
                0x3ff7fb88       0x40 common/built-in.o
 .text.hex2_bin
                0x3ff7fbc8       0x34 common/built-in.o
 .text.srec_decode
                0x3ff7fbfc      0x270 common/built-in.o
                0x3ff7fbfc                srec_decode
 .text.stdio_get_list
                0x3ff7fe6c        0xc common/built-in.o
                0x3ff7fe6c                stdio_get_list
 .text.stdio_get_by_name
                0x3ff7fe78       0x54 common/built-in.o
                0x3ff7fe78                stdio_get_by_name
 .text.stdio_clone
                0x3ff7fecc       0x38 common/built-in.o
                0x3ff7fecc                stdio_clone
 .text.stdio_register
                0x3ff7ff04       0x44 common/built-in.o
                0x3ff7ff04                stdio_register
 .text.stdio_init
                0x3ff7ff48       0x90 common/built-in.o
                0x3ff7ff48                stdio_init
 .text.CYGACC_COMM_IF_GETC_TIMEOUT.clone.1
                0x3ff7ffd8       0x54 common/built-in.o
 .text.xyzModem_flush
                0x3ff8002c       0x1c common/built-in.o
 .text.xyzModem_get_hdr
                0x3ff80048      0x248 common/built-in.o
 .text.xyzModem_stream_open
                0x3ff80290      0x258 common/built-in.o
                0x3ff80290                xyzModem_stream_open
 .text.xyzModem_stream_read
                0x3ff804e8      0x244 common/built-in.o
                0x3ff804e8                xyzModem_stream_read
 .text.xyzModem_stream_close
                0x3ff8072c       0x50 common/built-in.o
                0x3ff8072c                xyzModem_stream_close
 .text.xyzModem_stream_terminate
                0x3ff8077c       0x94 common/built-in.o
                0x3ff8077c                xyzModem_stream_terminate
 .text.xyzModem_error
                0x3ff80810       0x20 common/built-in.o
                0x3ff80810                xyzModem_error
 .text.get_device
                0x3ff80830       0x54 disk/built-in.o
                0x3ff80830                get_device
 .text.get_device_and_partition
                0x3ff80884      0x2dc disk/built-in.o
                0x3ff80884                get_device_and_partition
 .text.add_mtd_device
                0x3ff80b60       0x8c drivers/mtd/built-in.o
                0x3ff80b60                add_mtd_device
 .text.get_mtd_device_nm
                0x3ff80bec       0x74 drivers/mtd/built-in.o
                0x3ff80bec                get_mtd_device_nm
 .text.mtd_erase
                0x3ff80c60       0xa8 drivers/mtd/built-in.o
                0x3ff80c60                mtd_erase
 .text.mtd_read
                0x3ff80d08       0xa8 drivers/mtd/built-in.o
                0x3ff80d08                mtd_read
 .text.mtd_write
                0x3ff80db0       0xa4 drivers/mtd/built-in.o
                0x3ff80db0                mtd_write
 .text.mtd_read_oob
                0x3ff80e54       0x30 drivers/mtd/built-in.o
                0x3ff80e54                mtd_read_oob
 .text.mtd_block_isbad
                0x3ff80e84       0x4c drivers/mtd/built-in.o
                0x3ff80e84                mtd_block_isbad
 .text.mtd_block_markbad
                0x3ff80ed0       0x5c drivers/mtd/built-in.o
                0x3ff80ed0                mtd_block_markbad
 .text.part_erase
                0x3ff80f2c       0x6c drivers/mtd/built-in.o
 .text.mtd_erase_callback
                0x3ff80f98       0x68 drivers/mtd/built-in.o
                0x3ff80f98                mtd_erase_callback
 .text.nand_register
                0x3ff81000       0x90 drivers/mtd/nand/built-in.o
                0x3ff81000                nand_register
 .text.nand_init
                0x3ff81090       0x6c drivers/mtd/nand/built-in.o
                0x3ff81090                nand_init
 .text.nand_release_device
                0x3ff810fc       0x18 drivers/mtd/nand/built-in.o
 .text.nand_read_byte
                0x3ff81114       0x10 drivers/mtd/nand/built-in.o
                0x3ff81114                nand_read_byte
 .text.nand_read_byte16
                0x3ff81124       0x14 drivers/mtd/nand/built-in.o
 .text.nand_read_word
                0x3ff81138       0x10 drivers/mtd/nand/built-in.o
 .text.nand_write_buf
                0x3ff81148       0x2c drivers/mtd/nand/built-in.o
                0x3ff81148                nand_write_buf
 .text.nand_read_buf
                0x3ff81174       0x28 drivers/mtd/nand/built-in.o
                0x3ff81174                nand_read_buf
 .text.nand_verify_buf
                0x3ff8119c       0x40 drivers/mtd/nand/built-in.o
 .text.nand_write_buf16
                0x3ff811dc       0x30 drivers/mtd/nand/built-in.o
                0x3ff811dc                nand_write_buf16
 .text.nand_read_buf16
                0x3ff8120c       0x2c drivers/mtd/nand/built-in.o
                0x3ff8120c                nand_read_buf16
 .text.nand_verify_buf16
                0x3ff81238       0x44 drivers/mtd/nand/built-in.o
 .text.nand_check_wp
                0x3ff8127c       0x50 drivers/mtd/nand/built-in.o
 .text.nand_read_page_raw
                0x3ff812cc       0x44 drivers/mtd/nand/built-in.o
 .text.nand_read_page_raw_syndrome
                0x3ff81310       0xd4 drivers/mtd/nand/built-in.o
 .text.nand_read_page_swecc
                0x3ff813e4      0x124 drivers/mtd/nand/built-in.o
 .text.nand_read_subpage
                0x3ff81508      0x278 drivers/mtd/nand/built-in.o
 .text.nand_read_page_hwecc
                0x3ff81780      0x138 drivers/mtd/nand/built-in.o
 .text.nand_read_page_hwecc_oob_first
                0x3ff818b8      0x138 drivers/mtd/nand/built-in.o
 .text.nand_read_page_syndrome
                0x3ff819f0      0x124 drivers/mtd/nand/built-in.o
 .text.nand_read_oob_std
                0x3ff81b14       0x3c drivers/mtd/nand/built-in.o
 .text.nand_read_oob_syndrome
                0x3ff81b50      0x104 drivers/mtd/nand/built-in.o
 .text.nand_write_oob_std
                0x3ff81c54       0x70 drivers/mtd/nand/built-in.o
 .text.nand_write_oob_syndrome
                0x3ff81cc4      0x1b4 drivers/mtd/nand/built-in.o
 .text.nand_write_page_raw
                0x3ff81e78       0x44 drivers/mtd/nand/built-in.o
 .text.nand_write_page_raw_syndrome
                0x3ff81ebc       0xd4 drivers/mtd/nand/built-in.o
 .text.nand_write_page_swecc
                0x3ff81f90       0xb4 drivers/mtd/nand/built-in.o
 .text.nand_write_page_hwecc
                0x3ff82044       0xc4 drivers/mtd/nand/built-in.o
 .text.nand_write_page_syndrome
                0x3ff82108       0xf4 drivers/mtd/nand/built-in.o
 .text.single_erase_cmd
                0x3ff821fc       0x3c drivers/mtd/nand/built-in.o
 .text.multi_erase_cmd
                0x3ff82238       0x8c drivers/mtd/nand/built-in.o
 .text.nand_sync
                0x3ff822c4       0x10 drivers/mtd/nand/built-in.o
 .text.nand_onfi_set_features
                0x3ff822d4       0x64 drivers/mtd/nand/built-in.o
 .text.nand_write_page
                0x3ff82338       0xbc drivers/mtd/nand/built-in.o
 .text.nand_block_bad
                0x3ff823f4      0x19c drivers/mtd/nand/built-in.o
 .text.nand_select_chip
                0x3ff82590       0x58 drivers/mtd/nand/built-in.o
 .text.nand_block_checkbad
                0x3ff825e8       0x80 drivers/mtd/nand/built-in.o
 .text.nand_block_isbad
                0x3ff82668       0x1c drivers/mtd/nand/built-in.o
 .text.nand_block_markbad
                0x3ff82684       0x3c drivers/mtd/nand/built-in.o
 .text.nand_onfi_get_features
                0x3ff826c0       0x6c drivers/mtd/nand/built-in.o
 .text.nand_fill_oob
                0x3ff8272c      0x11c drivers/mtd/nand/built-in.o
 .text.nand_do_write_oob
                0x3ff82848      0x19c drivers/mtd/nand/built-in.o
 .text.nand_do_write_ops
                0x3ff829e4      0x37c drivers/mtd/nand/built-in.o
 .text.nand_write_oob
                0x3ff82d60       0xa8 drivers/mtd/nand/built-in.o
 .text.nand_write
                0x3ff82e08       0x64 drivers/mtd/nand/built-in.o
 .text.nand_transfer_oob
                0x3ff82e6c      0x104 drivers/mtd/nand/built-in.o
 .text.nand_do_read_ops
                0x3ff82f70      0x3c4 drivers/mtd/nand/built-in.o
 .text.nand_read_oob
                0x3ff83334      0x294 drivers/mtd/nand/built-in.o
 .text.nand_read
                0x3ff835c8       0x64 drivers/mtd/nand/built-in.o
 .text.nand_wait
                0x3ff8362c       0xd4 drivers/mtd/nand/built-in.o
 .text.nand_wait_ready
                0x3ff83700       0x4c drivers/mtd/nand/built-in.o
                0x3ff83700                nand_wait_ready
 .text.nand_command
                0x3ff8374c      0x1e0 drivers/mtd/nand/built-in.o
 .text.nand_command_lp
                0x3ff8392c      0x268 drivers/mtd/nand/built-in.o
 .text.nand_erase_nand
                0x3ff83b94      0x358 drivers/mtd/nand/built-in.o
                0x3ff83b94                nand_erase_nand
 .text.nand_erase
                0x3ff83eec        0x8 drivers/mtd/nand/built-in.o
 .text.nand_default_block_markbad
                0x3ff83ef4      0x1c0 drivers/mtd/nand/built-in.o
 .text.nand_scan_ident
                0x3ff840b4      0x8f8 drivers/mtd/nand/built-in.o
                0x3ff840b4                nand_scan_ident
 .text.nand_scan_tail
                0x3ff849ac      0x60c drivers/mtd/nand/built-in.o
                0x3ff849ac                nand_scan_tail
 .text.nand_scan
                0x3ff84fb8       0x24 drivers/mtd/nand/built-in.o
                0x3ff84fb8                nand_scan
 .text.read_bbt
                0x3ff84fdc      0x1e4 drivers/mtd/nand/built-in.o
 .text.read_abs_bbt
                0x3ff851c0       0xcc drivers/mtd/nand/built-in.o
 .text.scan_read_oob
                0x3ff8528c       0xc4 drivers/mtd/nand/built-in.o
 .text.scan_read
                0x3ff85350       0x64 drivers/mtd/nand/built-in.o
 .text.write_bbt
                0x3ff853b4      0x69c drivers/mtd/nand/built-in.o
 .text.verify_bbt_descr
                0x3ff85a50      0x138 drivers/mtd/nand/built-in.o
 .text.check_pattern
                0x3ff85b88       0xa8 drivers/mtd/nand/built-in.o
 .text.search_bbt
                0x3ff85c30      0x1bc drivers/mtd/nand/built-in.o
 .text.create_bbt
                0x3ff85dec      0x308 drivers/mtd/nand/built-in.o
 .text.nand_update_bbt
                0x3ff860f4      0x120 drivers/mtd/nand/built-in.o
                0x3ff860f4                nand_update_bbt
 .text.mark_bbt_region
                0x3ff86214      0x174 drivers/mtd/nand/built-in.o
 .text.nand_scan_bbt
                0x3ff86388      0x508 drivers/mtd/nand/built-in.o
                0x3ff86388                nand_scan_bbt
 .text.nand_default_bbt
                0x3ff86890      0x104 drivers/mtd/nand/built-in.o
                0x3ff86890                nand_default_bbt
 .text.nand_isbad_bbt
                0x3ff86994       0x54 drivers/mtd/nand/built-in.o
                0x3ff86994                nand_isbad_bbt
 .text.nand_calculate_ecc
                0x3ff869e8       0xf0 drivers/mtd/nand/built-in.o
                0x3ff869e8                nand_calculate_ecc
 .text.nand_correct_data
                0x3ff86ad8      0x11c drivers/mtd/nand/built-in.o
                0x3ff86ad8                nand_correct_data
 .text.check_skip_len
                0x3ff86bf4       0xcc drivers/mtd/nand/built-in.o
 .text.nand_erase_opts
                0x3ff86cc0      0x368 drivers/mtd/nand/built-in.o
                0x3ff86cc0                nand_erase_opts
 .text.nand_write_skip_bad
                0x3ff87028      0x288 drivers/mtd/nand/built-in.o
                0x3ff87028                nand_write_skip_bad
 .text.nand_read_skip_bad
                0x3ff872b0      0x278 drivers/mtd/nand/built-in.o
                0x3ff872b0                nand_read_skip_bad
 .text.s3c2410_hwcontrol
                0x3ff87528       0x38 drivers/mtd/nand/built-in.o
 .text.s3c2410_dev_ready
                0x3ff87560       0x1c drivers/mtd/nand/built-in.o
 .text.s5pv210_select_chip
                0x3ff8757c       0x6c drivers/mtd/nand/built-in.o
 .text.board_nand_init
                0x3ff875e8       0x8c drivers/mtd/nand/built-in.o
                0x3ff875e8                board_nand_init
 .text.dm9000_outblk_8bit
                0x3ff87674       0x24 drivers/net/built-in.o
 .text.dm9000_outblk_16bit
                0x3ff87698       0x30 drivers/net/built-in.o
 .text.dm9000_outblk_32bit
                0x3ff876c8       0x34 drivers/net/built-in.o
 .text.dm9000_inblk_8bit
                0x3ff876fc       0x24 drivers/net/built-in.o
 .text.dm9000_inblk_16bit
                0x3ff87720       0x30 drivers/net/built-in.o
 .text.dm9000_inblk_32bit
                0x3ff87750       0x34 drivers/net/built-in.o
 .text.dm9000_rx_status_32bit
                0x3ff87784       0x20 drivers/net/built-in.o
 .text.dm9000_rx_status_16bit
                0x3ff877a4       0x20 drivers/net/built-in.o
 .text.dm9000_rx_status_8bit
                0x3ff877c4       0x30 drivers/net/built-in.o
 .text.dm9000_reset
                0x3ff877f4       0xbc drivers/net/built-in.o
 .text.dm9000_rx
                0x3ff878b0      0x158 drivers/net/built-in.o
 .text.dm9000_halt
                0x3ff87a08       0x84 drivers/net/built-in.o
 .text.dm9000_phy_read
                0x3ff87a8c       0x5c drivers/net/built-in.o
 .text.dm9000_init
                0x3ff87ae8      0x37c drivers/net/built-in.o
 .text.dm9000_send
                0x3ff87e64       0xd8 drivers/net/built-in.o
 .text.dm9000_read_srom_word
                0x3ff87f3c       0x64 drivers/net/built-in.o
                0x3ff87f3c                dm9000_read_srom_word
 .text.dm9000_initialize
                0x3ff87fa0       0x84 drivers/net/built-in.o
                0x3ff87fa0                dm9000_initialize
 .text.get_current
                0x3ff88024       0x3c drivers/serial/built-in.o
 .text.serial_null
                0x3ff88060        0x4 drivers/serial/built-in.o
                0x3ff88060                jz_serial_initialize
                0x3ff88060                bfin_serial_initialize
                0x3ff88060                p3mx_serial_initialize
                0x3ff88060                leon2_serial_initialize
                0x3ff88060                leon3_serial_initialize
                0x3ff88060                amirix_serial_initialize
                0x3ff88060                marvell_serial_initialize
                0x3ff88060                cpci750_serial_initialize
                0x3ff88060                ns16550_serial_initialize
                0x3ff88060                asc_serial_initialize
                0x3ff88060                altera_serial_initialize
                0x3ff88060                oc_serial_initialize
                0x3ff88060                sh_serial_initialize
                0x3ff88060                mxs_auart_initialize
                0x3ff88060                arm_dcc_initialize
                0x3ff88060                bmw_serial_initialize
                0x3ff88060                mcf_serial_initialize
                0x3ff88060                lh7a40x_serial_initialize
                0x3ff88060                evb64260_serial_initialize
                0x3ff88060                lpc32xx_serial_initialize
                0x3ff88060                max3100_serial_initialize
                0x3ff88060                mpc85xx_serial_initialize
                0x3ff88060                imx_serial_initialize
                0x3ff88060                ixp_serial_initialize
                0x3ff88060                bfin_jtag_initialize
                0x3ff88060                cogent_serial_initialize
                0x3ff88060                clps7111_serial_initialize
                0x3ff88060                ml2_serial_initialize
                0x3ff88060                sandbox_serial_initialize
                0x3ff88060                s3c24xx_serial_initialize
                0x3ff88060                sconsole_serial_initialize
                0x3ff88060                uartlite_serial_initialize
                0x3ff88060                au1x00_serial_initialize
                0x3ff88060                pxa_serial_initialize
                0x3ff88060                atmel_serial_initialize
                0x3ff88060                pl01x_serial_initialize
                0x3ff88060                altera_jtag_serial_initialize
                0x3ff88060                zynq_serial_initalize
                0x3ff88060                mpc512x_serial_initialize
                0x3ff88060                ks8695_serial_initialize
                0x3ff88060                sa1100_serial_initialize
                0x3ff88060                mpc8260_scc_serial_initialize
                0x3ff88060                mxc_serial_initialize
                0x3ff88060                iop480_serial_initialize
                0x3ff88060                mpc8xx_serial_initialize
                0x3ff88060                mpc8260_smc_serial_initialize
                0x3ff88060                mpc5xx_serial_initialize
 .text.serial_register
                0x3ff88064       0x18 drivers/serial/built-in.o
                0x3ff88064                serial_register
 .text.serial_stdio_init
                0x3ff8807c       0x90 drivers/serial/built-in.o
                0x3ff8807c                serial_stdio_init
 .text.serial_assign
                0x3ff8810c       0x50 drivers/serial/built-in.o
                0x3ff8810c                serial_assign
 .text.serial_initialize
                0x3ff8815c       0xd0 drivers/serial/built-in.o
                0x3ff8815c                serial_initialize
 .text.serial_init
                0x3ff8822c       0x14 drivers/serial/built-in.o
                0x3ff8822c                serial_init
 .text.serial_setbrg
                0x3ff88240       0x14 drivers/serial/built-in.o
                0x3ff88240                serial_setbrg
 .text.on_baudrate
                0x3ff88254      0x108 drivers/serial/built-in.o
 .text.serial_getc
                0x3ff8835c       0x14 drivers/serial/built-in.o
                0x3ff8835c                serial_getc
 .text.serial_tstc
                0x3ff88370       0x14 drivers/serial/built-in.o
                0x3ff88370                serial_tstc
 .text.serial_putc
                0x3ff88384       0x1c drivers/serial/built-in.o
                0x3ff88384                serial_putc
 .text.serial_puts
                0x3ff883a0       0x1c drivers/serial/built-in.o
                0x3ff883a0                serial_puts
 .text.serial_err_check
                0x3ff883bc       0x4c drivers/serial/built-in.o
 .text.serial_getc_dev
                0x3ff88408       0x88 drivers/serial/built-in.o
 .text.serial_tstc_dev
                0x3ff88490       0x58 drivers/serial/built-in.o
 .text.s5p_serial0_getc
                0x3ff884e8        0x8 drivers/serial/built-in.o
 .text.s5p_serial0_tstc
                0x3ff884f0        0x8 drivers/serial/built-in.o
 .text.s5p_serial1_getc
                0x3ff884f8        0x8 drivers/serial/built-in.o
 .text.s5p_serial1_tstc
                0x3ff88500        0x8 drivers/serial/built-in.o
 .text.s5p_serial2_getc
                0x3ff88508        0x8 drivers/serial/built-in.o
 .text.s5p_serial2_tstc
                0x3ff88510        0x8 drivers/serial/built-in.o
 .text.s5p_serial3_getc
                0x3ff88518        0x8 drivers/serial/built-in.o
 .text.s5p_serial3_tstc
                0x3ff88520        0x8 drivers/serial/built-in.o
 .text.serial_putc_dev
                0x3ff88528       0x94 drivers/serial/built-in.o
 .text.serial_puts_dev
                0x3ff885bc       0x28 drivers/serial/built-in.o
 .text.s5p_serial3_puts
                0x3ff885e4        0x8 drivers/serial/built-in.o
 .text.s5p_serial2_puts
                0x3ff885ec        0x8 drivers/serial/built-in.o
 .text.s5p_serial1_puts
                0x3ff885f4        0x8 drivers/serial/built-in.o
 .text.s5p_serial0_puts
                0x3ff885fc        0x8 drivers/serial/built-in.o
 .text.s5p_serial3_putc
                0x3ff88604        0x8 drivers/serial/built-in.o
 .text.s5p_serial2_putc
                0x3ff8860c        0x8 drivers/serial/built-in.o
 .text.s5p_serial1_putc
                0x3ff88614        0x8 drivers/serial/built-in.o
 .text.s5p_serial0_putc
                0x3ff8861c        0x8 drivers/serial/built-in.o
 .text.serial_setbrg_dev
                0x3ff88624       0x88 drivers/serial/built-in.o
 .text.s5p_serial3_setbrg
                0x3ff886ac        0x8 drivers/serial/built-in.o
 .text.serial_init_dev
                0x3ff886b4       0x60 drivers/serial/built-in.o
 .text.s5p_serial3_init
                0x3ff88714        0x8 drivers/serial/built-in.o
 .text.s5p_serial2_init
                0x3ff8871c        0x8 drivers/serial/built-in.o
 .text.s5p_serial1_init
                0x3ff88724        0x8 drivers/serial/built-in.o
 .text.s5p_serial0_init
                0x3ff8872c        0x8 drivers/serial/built-in.o
 .text.s5p_serial2_setbrg
                0x3ff88734        0x8 drivers/serial/built-in.o
 .text.s5p_serial1_setbrg
                0x3ff8873c        0x8 drivers/serial/built-in.o
 .text.s5p_serial0_setbrg
                0x3ff88744        0x8 drivers/serial/built-in.o
 .text.default_serial_console
                0x3ff8874c       0x1c drivers/serial/built-in.o
                0x3ff8874c                default_serial_console
 .text.s5p_serial_initialize
                0x3ff88768       0x38 drivers/serial/built-in.o
                0x3ff88768                s5p_serial_initialize
 .text.downcase
                0x3ff887a0       0x30 fs/built-in.o
 .text.disk_read
                0x3ff887d0       0x5c fs/built-in.o
 .text.dirdelim
                0x3ff8882c       0x34 fs/built-in.o
 .text.get_fatent
                0x3ff88860      0x16c fs/built-in.o
 .text.slot2str
                0x3ff889cc       0xd0 fs/built-in.o
 .text.mkcksum  0x3ff88a9c       0x54 fs/built-in.o
 .text.get_name
                0x3ff88af0       0xb8 fs/built-in.o
 .text.read_bootsectandvi
                0x3ff88ba8      0x128 fs/built-in.o
 .text.get_cluster
                0x3ff88cd0      0x174 fs/built-in.o
 .text.get_vfatname
                0x3ff88e44      0x1bc fs/built-in.o
 .text.fat_set_blk_dev
                0x3ff89000       0xcc fs/built-in.o
                0x3ff89000                fat_set_blk_dev
 .text.do_fat_read_at
                0x3ff890cc      0xb6c fs/built-in.o
                0x3ff890cc                do_fat_read_at
 .text.do_fat_read
                0x3ff89c38       0x24 fs/built-in.o
                0x3ff89c38                do_fat_read
 .text.file_fat_detectfs
                0x3ff89c5c       0x90 fs/built-in.o
                0x3ff89c5c                file_fat_detectfs
 .text.file_fat_ls
                0x3ff89cec       0x10 fs/built-in.o
                0x3ff89cec                file_fat_ls
 .text.file_fat_read_at
                0x3ff89cfc       0x44 fs/built-in.o
                0x3ff89cfc                file_fat_read_at
 .text.fat_read_file
                0x3ff89d40       0x3c fs/built-in.o
                0x3ff89d40                fat_read_file
 .text.fat_close
                0x3ff89d7c        0x4 fs/built-in.o
                0x3ff89d7c                fat_close
 .text.fs_ls_unsupported
                0x3ff89d80        0x8 fs/built-in.o
 .text.fs_read_unsupported
                0x3ff89d88        0x8 fs/built-in.o
 .text.fs_write_unsupported
                0x3ff89d90        0x8 fs/built-in.o
 .text.fs_close_unsupported
                0x3ff89d98        0x4 fs/built-in.o
 .text.fs_get_info
                0x3ff89d9c       0x20 fs/built-in.o
 .text.fs_close
                0x3ff89dbc       0x28 fs/built-in.o
 .text.fs_probe_unsupported
                0x3ff89de4       0x18 fs/built-in.o
 .text.fs_set_blk_dev
                0x3ff89dfc       0xe0 fs/built-in.o
                0x3ff89dfc                fs_set_blk_dev
 .text.fs_ls    0x3ff89edc       0x3c fs/built-in.o
                0x3ff89edc                fs_ls
 .text.fs_read  0x3ff89f18       0x80 fs/built-in.o
                0x3ff89f18                fs_read
 .text.do_load  0x3ff89f98      0x1cc fs/built-in.o
                0x3ff89f98                do_load
 .text.do_ls    0x3ff8a164       0x6c fs/built-in.o
                0x3ff8a164                do_ls
 .text.cyg_crc16
                0x3ff8a1d0       0x44 lib/built-in.o
                0x3ff8a1d0                cyg_crc16
 .text.crc32_no_comp
                0x3ff8a214       0xe8 lib/built-in.o
                0x3ff8a214                crc32_no_comp
 .text.crc32    0x3ff8a2fc       0x14 lib/built-in.o
                0x3ff8a2fc                crc32
 .text.crc32_wd
                0x3ff8a310        0x4 lib/built-in.o
                0x3ff8a310                crc32_wd
 .text.print_size
                0x3ff8a314      0x12c lib/built-in.o
                0x3ff8a314                print_size
 .text.print_buffer
                0x3ff8a440      0x1ac lib/built-in.o
                0x3ff8a440                print_buffer
 .text.__div64_32
                0x3ff8a5ec       0xfc lib/built-in.o
                0x3ff8a5ec                __div64_32
 .text.gzfree   0x3ff8a6e8        0x8 lib/built-in.o
                0x3ff8a6e8                gzfree
 .text.gzalloc  0x3ff8a6f0       0x10 lib/built-in.o
                0x3ff8a6f0                gzalloc
 .text.zunzip   0x3ff8a700      0x124 lib/built-in.o
                0x3ff8a700                zunzip
 .text.gunzip   0x3ff8a824       0xac lib/built-in.o
                0x3ff8a824                gunzip
 .text.hang     0x3ff8a8d0       0x1c lib/built-in.o
                0x3ff8a8d0                hang
 .text.drop_var_from_set
                0x3ff8a8ec       0x5c lib/built-in.o
 .text.cmpkey   0x3ff8a948       0x14 lib/built-in.o
 .text.match_string.clone.1
                0x3ff8a95c       0x64 lib/built-in.o
 .text.hcreate_r
                0x3ff8a9c0       0xac lib/built-in.o
                0x3ff8a9c0                hcreate_r
 .text.hdestroy_r
                0x3ff8aa6c       0x74 lib/built-in.o
                0x3ff8aa6c                hdestroy_r
 .text.hsearch_r
                0x3ff8aae0      0x4e4 lib/built-in.o
                0x3ff8aae0                hsearch_r
 .text.hdelete_r
                0x3ff8afc4      0x11c lib/built-in.o
                0x3ff8afc4                hdelete_r
 .text.hexport_r
                0x3ff8b0e0      0x340 lib/built-in.o
                0x3ff8b0e0                hexport_r
 .text.himport_r
                0x3ff8b420      0x328 lib/built-in.o
                0x3ff8b420                himport_r
 .text.hwalk_r  0x3ff8b748       0x58 lib/built-in.o
                0x3ff8b748                hwalk_r
 .text.skip_spaces
                0x3ff8b7a0       0x24 lib/built-in.o
                0x3ff8b7a0                skip_spaces
 .text.strim    0x3ff8b7c4       0x54 lib/built-in.o
                0x3ff8b7c4                strim
 .text.lmb_add_region
                0x3ff8b818      0x1b8 lib/built-in.o
 .text.lmb_init
                0x3ff8b9d0       0x28 lib/built-in.o
                0x3ff8b9d0                lmb_init
 .text.lmb_add  0x3ff8b9f8        0x4 lib/built-in.o
                0x3ff8b9f8                lmb_add
 .text.lmb_reserve
                0x3ff8b9fc        0x8 lib/built-in.o
                0x3ff8b9fc                lmb_reserve
 .text.lmb_overlaps_region
                0x3ff8ba04       0x54 lib/built-in.o
                0x3ff8ba04                lmb_overlaps_region
 .text.__lmb_alloc_base
                0x3ff8ba58      0x130 lib/built-in.o
                0x3ff8ba58                __lmb_alloc_base
 .text.lmb_alloc_base
                0x3ff8bb88       0x34 lib/built-in.o
                0x3ff8bb88                lmb_alloc_base
 .text.lmb_alloc
                0x3ff8bbbc        0x8 lib/built-in.o
                0x3ff8bbbc                lmb_alloc
 .text.__board_lmb_reserve
                0x3ff8bbc4        0x4 lib/built-in.o
                0x3ff8bbc4                board_lmb_reserve
                0x3ff8bbc4                __board_lmb_reserve
 .text.string_to_ip
                0x3ff8bbc8       0x68 lib/built-in.o
                0x3ff8bbc8                string_to_ip
 .text.qsort    0x3ff8bc30       0xec lib/built-in.o
                0x3ff8bc30                qsort
 .text.check_bytes8
                0x3ff8bd1c       0x30 lib/built-in.o
 .text.strcpy   0x3ff8bd4c       0x1c lib/built-in.o
                0x3ff8bd4c                strcpy
 .text.strncpy  0x3ff8bd68       0x28 lib/built-in.o
                0x3ff8bd68                strncpy
 .text.strcat   0x3ff8bd90       0x30 lib/built-in.o
                0x3ff8bd90                strcat
 .text.strncat  0x3ff8bdc0       0x50 lib/built-in.o
                0x3ff8bdc0                strncat
 .text.strcmp   0x3ff8be10       0x30 lib/built-in.o
                0x3ff8be10                strcmp
 .text.strncmp  0x3ff8be40       0x48 lib/built-in.o
                0x3ff8be40                strncmp
 .text.strchr   0x3ff8be88       0x34 lib/built-in.o
                0x3ff8be88                strchr
 .text.strlen   0x3ff8bebc       0x1c lib/built-in.o
                0x3ff8bebc                strlen
 .text.strnlen  0x3ff8bed8       0x28 lib/built-in.o
                0x3ff8bed8                strnlen
 .text.strdup   0x3ff8bf00       0x34 lib/built-in.o
                0x3ff8bf00                strdup
 .text.strpbrk  0x3ff8bf34       0x3c lib/built-in.o
                0x3ff8bf34                strpbrk
 .text.memset   0x3ff8bf70       0x68 lib/built-in.o
                0x3ff8bf70                memset
 .text.memcpy   0x3ff8bfd8       0x74 lib/built-in.o
                0x3ff8bfd8                memcpy
 .text.memmove  0x3ff8c04c       0x58 lib/built-in.o
                0x3ff8c04c                memmove
 .text.memcmp   0x3ff8c0a4       0x38 lib/built-in.o
                0x3ff8c0a4                memcmp
 .text.strstr   0x3ff8c0dc       0x60 lib/built-in.o
                0x3ff8c0dc                strstr
 .text.memchr_inv
                0x3ff8c13c       0xc8 lib/built-in.o
                0x3ff8c13c                memchr_inv
 .text.strmhz   0x3ff8c204       0x6c lib/built-in.o
                0x3ff8c204                strmhz
 .text.udelay   0x3ff8c270       0x30 lib/built-in.o
                0x3ff8c270                udelay
 .text.put_dec_trunc
                0x3ff8c2a0       0xc8 lib/built-in.o
 .text.put_dec  0x3ff8c368      0x11c lib/built-in.o
 .text.string.clone.0
                0x3ff8c484       0x90 lib/built-in.o
 .text.number.clone.4
                0x3ff8c514      0x21c lib/built-in.o
 .text.vsnprintf_internal.clone.6
                0x3ff8c730      0x66c lib/built-in.o
 .text.simple_strtoul
                0x3ff8cd9c       0xac lib/built-in.o
                0x3ff8cd9c                simple_strtoul
 .text.strict_strtoul
                0x3ff8ce48       0x78 lib/built-in.o
                0x3ff8ce48                strict_strtoul
 .text.simple_strtol
                0x3ff8cec0       0x28 lib/built-in.o
                0x3ff8cec0                simple_strtol
 .text.simple_strtoull
                0x3ff8cee8       0xd4 lib/built-in.o
                0x3ff8cee8                simple_strtoull
 .text.vsprintf
                0x3ff8cfbc        0x4 lib/built-in.o
                0x3ff8cfbc                vsprintf
 .text.sprintf  0x3ff8cfc0       0x24 lib/built-in.o
                0x3ff8cfc0                sprintf
 .text.panic    0x3ff8cfe4       0x44 lib/built-in.o
                0x3ff8cfe4                panic
 .text.simple_itoa
                0x3ff8d028       0x58 lib/built-in.o
                0x3ff8d028                simple_itoa
 .text.zcfree   0x3ff8d080        0x8 lib/built-in.o
                0x3ff8d080                zcfree
 .text.zcalloc  0x3ff8d088        0x8 lib/built-in.o
                0x3ff8d088                zcalloc
 .text.inflate_fast
                0x3ff8d090      0x574 lib/built-in.o
                0x3ff8d090                inflate_fast
 .text.inflate_table
                0x3ff8d604      0x568 lib/built-in.o
                0x3ff8d604                inflate_table
 .text.inflateReset
                0x3ff8db6c       0x80 lib/built-in.o
                0x3ff8db6c                inflateReset
 .text.inflateInit2_
                0x3ff8dbec      0x104 lib/built-in.o
                0x3ff8dbec                inflateInit2_
 .text.inflateEnd
                0x3ff8dcf0       0x6c lib/built-in.o
                0x3ff8dcf0                inflateEnd
 .text.adler32  0x3ff8dd5c      0x2e8 lib/built-in.o
                0x3ff8dd5c                adler32
 .text.inflate  0x3ff8e044     0x1674 lib/built-in.o
                0x3ff8e044                inflate
 .text.ArpInit  0x3ff8f6b8       0x50 net/built-in.o
                0x3ff8f6b8                ArpInit
 .text.arp_raw_request
                0x3ff8f708       0xcc net/built-in.o
                0x3ff8f708                arp_raw_request
 .text.ArpRequest
                0x3ff8f7d4       0x8c net/built-in.o
                0x3ff8f7d4                ArpRequest
 .text.ArpTimeoutCheck
                0x3ff8f860       0x80 net/built-in.o
                0x3ff8f860                ArpTimeoutCheck
 .text.ArpReceive
                0x3ff8f8e0      0x21c net/built-in.o
                0x3ff8f8e0                ArpReceive
 .text.BootpHandler
                0x3ff8fafc      0x380 net/built-in.o
 .text.BootpRequest
                0x3ff8fe7c      0x1fc net/built-in.o
                0x3ff8fe7c                BootpRequest
 .text.BootpTimeout
                0x3ff90078       0x44 net/built-in.o
 .text.__def_eth_init
                0x3ff900bc        0x8 net/built-in.o
                0x3ff900bc                cpu_eth_init
 .text.eth_current_changed
                0x3ff900c4       0x5c net/built-in.o
 .text.eth_parse_enetaddr
                0x3ff90120       0x5c net/built-in.o
                0x3ff90120                eth_parse_enetaddr
 .text.eth_getenv_enetaddr
                0x3ff9017c       0x5c net/built-in.o
                0x3ff9017c                eth_getenv_enetaddr
 .text.eth_setenv_enetaddr
                0x3ff901d8       0x38 net/built-in.o
                0x3ff901d8                eth_setenv_enetaddr
 .text.eth_getenv_enetaddr_by_index
                0x3ff90210       0x54 net/built-in.o
                0x3ff90210                eth_getenv_enetaddr_by_index
 .text.eth_get_dev_by_index
                0x3ff90264       0x44 net/built-in.o
                0x3ff90264                eth_get_dev_by_index
 .text.eth_get_dev_index
                0x3ff902a8       0x1c net/built-in.o
                0x3ff902a8                eth_get_dev_index
 .text.eth_write_hwaddr
                0x3ff902c4      0x1dc net/built-in.o
                0x3ff902c4                eth_write_hwaddr
 .text.eth_register
                0x3ff904a0       0x80 net/built-in.o
                0x3ff904a0                eth_register
 .text.eth_initialize
                0x3ff90520      0x1cc net/built-in.o
                0x3ff90520                eth_initialize
 .text.eth_halt
                0x3ff906ec       0x30 net/built-in.o
                0x3ff906ec                eth_halt
 .text.eth_send
                0x3ff9071c       0x38 net/built-in.o
                0x3ff9071c                eth_send
 .text.eth_rx   0x3ff90754       0x2c net/built-in.o
                0x3ff90754                eth_rx
 .text.eth_try_another
                0x3ff90780       0x88 net/built-in.o
                0x3ff90780                eth_try_another
 .text.eth_init
                0x3ff90808       0xc8 net/built-in.o
                0x3ff90808                eth_init
 .text.eth_set_current
                0x3ff908d0       0xac net/built-in.o
                0x3ff908d0                eth_set_current
 .text.eth_get_name
                0x3ff9097c       0x20 net/built-in.o
                0x3ff9097c                eth_get_name
 .text.startAgainTimeout
                0x3ff9099c       0x14 net/built-in.o
 .text.dummy_handler
                0x3ff909b0        0x4 net/built-in.o
 .text.net_auto_load
                0x3ff909b4       0x64 net/built-in.o
                0x3ff909b4                net_auto_load
 .text.net_set_udp_handler
                0x3ff90a18       0x20 net/built-in.o
                0x3ff90a18                net_set_udp_handler
 .text.net_get_arp_handler
                0x3ff90a38       0x10 net/built-in.o
                0x3ff90a38                net_get_arp_handler
 .text.net_set_arp_handler
                0x3ff90a48       0x20 net/built-in.o
                0x3ff90a48                net_set_arp_handler
 .text.NetSetTimeout
                0x3ff90a68       0x4c net/built-in.o
                0x3ff90a68                NetSetTimeout
 .text.NetStartAgain
                0x3ff90ab4      0x124 net/built-in.o
                0x3ff90ab4                NetStartAgain
 .text.net_clear_handlers
                0x3ff90bd8       0x24 net/built-in.o
 .text.NetCksum
                0x3ff90bfc       0x34 net/built-in.o
                0x3ff90bfc                NetCksum
 .text.NetCksumOk
                0x3ff90c30       0x20 net/built-in.o
                0x3ff90c30                NetCksumOk
 .text.NetReceive
                0x3ff90c50      0x29c net/built-in.o
                0x3ff90c50                NetReceive
 .text.NetEthHdrSize
                0x3ff90eec       0x3c net/built-in.o
                0x3ff90eec                NetEthHdrSize
 .text.NetSetEther
                0x3ff90f28       0xa0 net/built-in.o
                0x3ff90f28                NetSetEther
 .text.net_update_ether
                0x3ff90fc8       0x88 net/built-in.o
                0x3ff90fc8                net_update_ether
 .text.net_set_ip_header
                0x3ff91050       0x88 net/built-in.o
                0x3ff91050                net_set_ip_header
 .text.net_set_udp_header
                0x3ff910d8       0xa8 net/built-in.o
                0x3ff910d8                net_set_udp_header
 .text.NetSendUDPPacket
                0x3ff91180      0x104 net/built-in.o
                0x3ff91180                NetSendUDPPacket
 .text.copy_filename
                0x3ff91284       0x44 net/built-in.o
                0x3ff91284                copy_filename
 .text.on_bootfile
                0x3ff912c8       0x2c net/built-in.o
 .text.ip_to_string
                0x3ff912f4       0x34 net/built-in.o
                0x3ff912f4                ip_to_string
 .text.string_to_VLAN
                0x3ff91328       0x4c net/built-in.o
                0x3ff91328                string_to_VLAN
 .text.getenv_VLAN
                0x3ff91374       0x10 net/built-in.o
                0x3ff91374                getenv_VLAN
 .text.NetInitLoop
                0x3ff91384       0xf0 net/built-in.o
 .text.net_init
                0x3ff91474       0x70 net/built-in.o
                0x3ff91474                net_init
 .text.NetLoop  0x3ff914e4      0x33c net/built-in.o
                0x3ff914e4                NetLoop
 .text.basename
                0x3ff91820       0x40 net/built-in.o
 .text.rpc_add_credentials
                0x3ff91860       0xc8 net/built-in.o
 .text.rpc_lookup_reply
                0x3ff91928       0xb0 net/built-in.o
 .text.nfs_mount_reply
                0x3ff919d8       0xb4 net/built-in.o
 .text.nfs_umountall_reply
                0x3ff91a8c       0x98 net/built-in.o
 .text.nfs_lookup_reply
                0x3ff91b24       0xa4 net/built-in.o
 .text.rpc_req  0x3ff91bc8       0xfc net/built-in.o
 .text.rpc_lookup_req
                0x3ff91cc4       0x58 net/built-in.o
 .text.nfs_mount_req
                0x3ff91d1c       0x90 net/built-in.o
 .text.nfs_umountall_req
                0x3ff91dac       0x60 net/built-in.o
 .text.nfs_lookup_req
                0x3ff91e0c       0xa4 net/built-in.o
 .text.nfs_read_req
                0x3ff91eb0       0x78 net/built-in.o
 .text.nfs_readlink_req
                0x3ff91f28       0x58 net/built-in.o
 .text.NfsSend  0x3ff91f80       0xa0 net/built-in.o
 .text.nfs_readlink_reply
                0x3ff92020      0x100 net/built-in.o
 .text.NfsTimeout
                0x3ff92120       0x64 net/built-in.o
 .text.nfs_read_reply.clone.0
                0x3ff92184      0x140 net/built-in.o
 .text.NfsHandler
                0x3ff922c4      0x250 net/built-in.o
 .text.NfsStart
                0x3ff92514      0x264 net/built-in.o
                0x3ff92514                NfsStart
 .text.ping_timeout
                0x3ff92778       0x1c net/built-in.o
 .text.ping_start
                0x3ff92794      0x12c net/built-in.o
                0x3ff92794                ping_start
 .text.ping_receive
                0x3ff928c0       0xec net/built-in.o
                0x3ff928c0                ping_receive
 .text.TftpSend
                0x3ff929ac      0x1c0 net/built-in.o
 .text.TftpTimeout
                0x3ff92b6c       0x88 net/built-in.o
 .text.TftpHandler
                0x3ff92bf4      0x3ac net/built-in.o
 .text.TftpStart
                0x3ff92fa0      0x344 net/built-in.o
                0x3ff92fa0                TftpStart
 .text.raise    0x3ff932e4       0x1c /home/joshua/Downloads/u-boot-2014.01_for_tiny210/arch/arm/lib/eabi_compat.o
                0x3ff932e4                raise
 .text          0x3ff93300      0x20c /opt/FriendlyARM/toolschain/4.5.1/lib/gcc/arm-none-linux-gnueabi/4.5.1/libgcc.a(_udivsi3.o)
                0x3ff93300                __udivsi3
                0x3ff93300                __aeabi_uidiv
                0x3ff934ec                __aeabi_uidivmod
 .text          0x3ff9350c      0x240 /opt/FriendlyARM/toolschain/4.5.1/lib/gcc/arm-none-linux-gnueabi/4.5.1/libgcc.a(_divsi3.o)
                0x3ff9350c                __aeabi_idiv
                0x3ff9350c                __divsi3
                0x3ff9372c                __aeabi_idivmod
 .text          0x3ff9374c       0x1c /opt/FriendlyARM/toolschain/4.5.1/lib/gcc/arm-none-linux-gnueabi/4.5.1/libgcc.a(_lshrdi3.o)
                0x3ff9374c                __aeabi_llsr
                0x3ff9374c                __lshrdi3
 .text          0x3ff93768       0x1c /opt/FriendlyARM/toolschain/4.5.1/lib/gcc/arm-none-linux-gnueabi/4.5.1/libgcc.a(_ashrdi3.o)
                0x3ff93768                __ashrdi3
                0x3ff93768                __aeabi_lasr
 .text          0x3ff93784       0x1c /opt/FriendlyARM/toolschain/4.5.1/lib/gcc/arm-none-linux-gnueabi/4.5.1/libgcc.a(_ashldi3.o)
                0x3ff93784                __ashldi3
                0x3ff93784                __aeabi_llsl
 .text          0x3ff937a0       0x10 /opt/FriendlyARM/toolschain/4.5.1/lib/gcc/arm-none-linux-gnueabi/4.5.1/libgcc.a(_dvmd_lnx.o)
                0x3ff937a0                __aeabi_ldiv0
                0x3ff937a0                __aeabi_idiv0

.glue_7         0x3ff937b0        0x0
 .glue_7        0x00000000        0x0 linker stubs

.glue_7t        0x3ff937b0        0x0
 .glue_7t       0x00000000        0x0 linker stubs

.vfp11_veneer   0x3ff937b0        0x0
 .vfp11_veneer  0x00000000        0x0 linker stubs

.v4_bx          0x3ff937b0        0x0
 .v4_bx         0x00000000        0x0 linker stubs
                0x3ff937b0                . = ALIGN (0x4)

.rodata         0x3ff937b0     0x7e98
 *(SORT(.rodata*))
 .rodata.location.4244
                0x3ff937b0       0x30 common/built-in.o
 .rodata.C.0.4418
                0x3ff937e0       0x80 arch/arm/lib/built-in.o
 .rodata.CSWTCH.13
                0x3ff93860       0x20 common/built-in.o
 .rodata.CSWTCH.18
                0x3ff93880       0x58 common/built-in.o
 .rodata.__FUNCTION__.4025
                0x3ff938d8       0x14 drivers/mtd/nand/built-in.o
 .rodata.__FUNCTION__.4073
                0x3ff938ec       0x14 drivers/mtd/nand/built-in.o
 .rodata.__FUNCTION__.4134
                0x3ff93900        0xc drivers/mtd/nand/built-in.o
 .rodata.__FUNCTION__.4283
                0x3ff9390c       0x14 drivers/mtd/nand/built-in.o
 .rodata.__FUNCTION__.4432
                0x3ff93920       0x14 drivers/mtd/nand/built-in.o
 .rodata.__FUNCTION__.4684
                0x3ff93934       0x10 drivers/mtd/nand/built-in.o
 .rodata.__FUNCTION__.4931
                0x3ff93944       0x10 drivers/mtd/nand/built-in.o
 .rodata.__func__.3312
                0x3ff93954       0x18 arch/arm/cpu/armv7/built-in.o
 .rodata.__func__.3437
                0x3ff9396c       0x10 common/built-in.o
 .rodata.__func__.3448
                0x3ff9397c        0xc common/built-in.o
 .rodata.__func__.3617
                0x3ff93988       0x10 common/built-in.o
 .rodata.__func__.3651
                0x3ff93998       0x10 common/built-in.o
 .rodata.__func__.4245
                0x3ff939a8        0x8 common/built-in.o
 .rodata.__func__.4418
                0x3ff939b0        0xc common/built-in.o
 .rodata._ctype
                0x3ff939bc      0x100 lib/built-in.o
                0x3ff939bc                _ctype
 .rodata.boot_os
                0x3ff93abc       0x60 common/built-in.o
 .rodata.crc16_tab
                0x3ff93b1c      0x200 lib/built-in.o
 .rodata.crc_table
                0x3ff93d1c      0x400 lib/built-in.o
 .rodata.dbase.3607
                0x3ff9411c       0x40 lib/built-in.o
 .rodata.default_environment
                0x3ff9415c       0x90 common/built-in.o
                0x3ff9415c                default_environment
 .rodata.delims.3316
                0x3ff941ec        0x4 common/built-in.o
 .rodata.dext.3608
                0x3ff941f0       0x40 lib/built-in.o
 .rodata.distfix
                0x3ff94230       0x80 lib/built-in.o
 .rodata.env_flags_varaccess_mask
                0x3ff942b0       0x10 common/built-in.o
 .rodata.env_flags_varaccess_rep
                0x3ff942c0        0x8 common/built-in.o
 .rodata.env_flags_vartype_rep
                0x3ff942c8        0x8 common/built-in.o
 .rodata.erase_seq
                0x3ff942d0        0x4 common/built-in.o
 .rodata.lbase.3605
                0x3ff942d4       0x40 lib/built-in.o
 .rodata.lenfix
                0x3ff94314      0x800 lib/built-in.o
 .rodata.lext.3606
                0x3ff94b14       0x40 lib/built-in.o
 .rodata.names.3220
                0x3ff94b54        0x8 lib/built-in.o
 .rodata.nand_ecc_precalc_table
                0x3ff94b5c      0x100 drivers/mtd/nand/built-in.o
 .rodata.nand_flash_ids
                0x3ff94c5c      0x6d8 drivers/mtd/nand/built-in.o
                0x3ff94c5c                nand_flash_ids
 .rodata.nand_manuf_ids
                0x3ff95334       0x60 drivers/mtd/nand/built-in.o
                0x3ff95334                nand_manuf_ids
 .rodata.op_table
                0x3ff95394       0x68 common/built-in.o
 .rodata.order.3701
                0x3ff953fc       0x28 lib/built-in.o
 .rodata.tab_seq
                0x3ff95424        0xc common/built-in.o
 .rodata.udivslot
                0x3ff95430       0x40 drivers/serial/built-in.o
 .rodata.uimage_arch
                0x3ff95470      0x114 common/built-in.o
 .rodata.uimage_comp
                0x3ff95584       0x48 common/built-in.o
 .rodata.uimage_os
                0x3ff955cc       0x78 common/built-in.o
 .rodata.uimage_type
                0x3ff95644       0xd8 common/built-in.o
 .rodata.version_string
                0x3ff9571c       0x34 common/built-in.o
                0x3ff9571c                version_string
 .rodata        0x3ff95750       0x90 common/built-in.o
 .rodata        0x3ff957e0       0x11 lib/built-in.o
 .rodata        0x3ff957f1        0xe net/built-in.o
 .rodata.str1.1
                0x3ff957ff       0x7a arch/arm/cpu/armv7/built-in.o
 .rodata.str1.1
                0x3ff95879       0x16 arch/arm/cpu/armv7/s5pc1xx/built-in.o
 .rodata.str1.1
                0x3ff9588f      0x36f arch/arm/lib/built-in.o
                                0x38d (size before relaxing)
 .rodata.str1.1
                0x3ff95bfe       0x10 board/samsung/tiny210/built-in.o
 .rodata.str1.1
                0x3ff95c0e     0x3f02 common/built-in.o
                               0x42f5 (size before relaxing)
 .rodata.str1.1
                0x3ff99b10      0x11d disk/built-in.o
                                0x136 (size before relaxing)
 .rodata.str1.1
                0x3ff99c2d      0x1d6 drivers/mtd/built-in.o
 .rodata.str1.1
                0x3ff99e03      0x814 drivers/mtd/nand/built-in.o
                                0x892 (size before relaxing)
 .rodata.str1.1
                0x3ff9a617      0x22a drivers/net/built-in.o
                                0x230 (size before relaxing)
 .rodata.str1.1
                0x3ff9a841       0x57 drivers/serial/built-in.o
                                 0x92 (size before relaxing)
 .rodata.str1.1
                0x3ff9a898      0x267 fs/built-in.o
                                0x2a7 (size before relaxing)
 .rodata.str1.1
                0x3ff9aaff      0x467 lib/built-in.o
                                0x481 (size before relaxing)
 .rodata.str1.1
                0x3ff9af66      0x6c7 net/built-in.o
                                0x864 (size before relaxing)
 .rodata.str1.1
                0x3ff9b62d       0x1b /home/joshua/Downloads/u-boot-2014.01_for_tiny210/arch/arm/lib/eabi_compat.o
                0x3ff9b648                . = ALIGN (0x4)

.data           0x3ff9b648     0x426a
 *(.data*)
 .data.s5p_cpu_id
                0x3ff9b648        0x4 arch/arm/cpu/armv7/built-in.o
                0x3ff9b648                s5p_cpu_id
 .data.init_sequence
                0x3ff9b64c       0x30 arch/arm/lib/built-in.o
                0x3ff9b64c                init_sequence
 .data.bootm_help_text
                0x3ff9b67c      0x248 common/built-in.o
 .data.cmd_bootm_sub
                0x3ff9b8c4       0xc0 common/built-in.o
 .data.do_echo  0x3ff9b984        0x4 common/built-in.o
 .data.dp_last_length
                0x3ff9b988        0x4 common/built-in.o
 .data.mtdparts_help_text
                0x3ff9b98c      0x4d4 common/built-in.o
 .data.nand_help_text
                0x3ff9be60      0x3e4 common/built-in.o
 .data.env_help_text
                0x3ff9c244      0x218 common/built-in.o
 .data.env_id   0x3ff9c45c        0x4 common/built-in.o
 .data.cmd_env_sub
                0x3ff9c460       0xd8 common/built-in.o
 .data.source_help_text
                0x3ff9c538       0x50 common/built-in.o
 .data.imgextract_help_text
                0x3ff9c588       0x58 common/built-in.o
 .data.av_      0x3ff9c5e0      0x408 common/built-in.o
 .data.sbrk_base
                0x3ff9c9e8        0x4 common/built-in.o
 .data.trim_threshold
                0x3ff9c9ec        0x4 common/built-in.o
 .data.first_call
                0x3ff9c9f0        0x8 common/built-in.o
 .data.env_htab
                0x3ff9c9f8       0x10 common/built-in.o
                0x3ff9c9f8                env_htab
 .data.env_name_spec
                0x3ff9ca08        0x4 common/built-in.o
                0x3ff9ca08                env_name_spec
 .data.reserved_list
                0x3ff9ca0c       0x84 common/built-in.o
 .data.load_addr
                0x3ff9ca90        0x4 common/built-in.o
                0x3ff9ca90                load_addr
 .data.hist_cur
                0x3ff9ca94        0x4 common/built-in.o
 .data.stdio_names
                0x3ff9ca98        0xc common/built-in.o
                0x3ff9ca98                stdio_names
 .data.nand_curr_device
                0x3ff9caa4        0x4 drivers/mtd/nand/built-in.o
                0x3ff9caa4                nand_curr_device
 .data.nand_oob_8
                0x3ff9caa8      0xb08 drivers/mtd/nand/built-in.o
 .data.nand_oob_16
                0x3ff9d5b0      0xb08 drivers/mtd/nand/built-in.o
 .data.nand_oob_128
                0x3ff9e0b8      0xb08 drivers/mtd/nand/built-in.o
 .data.nand_oob_64
                0x3ff9ebc0      0xb08 drivers/mtd/nand/built-in.o
 .data.bbt_mirror_descr
                0x3ff9f6c8       0x24 drivers/mtd/nand/built-in.o
 .data.mirror_pattern
                0x3ff9f6ec        0x4 drivers/mtd/nand/built-in.o
 .data.bbt_main_no_oob_descr
                0x3ff9f6f0       0x24 drivers/mtd/nand/built-in.o
 .data.scan_agand_pattern
                0x3ff9f714        0x8 drivers/mtd/nand/built-in.o
 .data.bbt_mirror_no_oob_descr
                0x3ff9f71c       0x24 drivers/mtd/nand/built-in.o
 .data.bbt_pattern
                0x3ff9f740        0x4 drivers/mtd/nand/built-in.o
 .data.scan_ff_pattern
                0x3ff9f744        0x4 drivers/mtd/nand/built-in.o
 .data.bbt_main_descr
                0x3ff9f748       0x24 drivers/mtd/nand/built-in.o
 .data.agand_flashbased
                0x3ff9f76c       0x24 drivers/mtd/nand/built-in.o
 .data          0x3ff9f790        0x8 drivers/serial/built-in.o
                0x3ff9f790                config
 .data.s5p_serial1_device
                0x3ff9f798       0x30 drivers/serial/built-in.o
                0x3ff9f798                s5p_serial1_device
 .data.s5p_serial0_device
                0x3ff9f7c8       0x30 drivers/serial/built-in.o
                0x3ff9f7c8                s5p_serial0_device
 .data.s5p_serial2_device
                0x3ff9f7f8       0x30 drivers/serial/built-in.o
                0x3ff9f7f8                s5p_serial2_device
 .data.s5p_serial3_device
                0x3ff9f828       0x30 drivers/serial/built-in.o
                0x3ff9f828                s5p_serial3_device
 .data.fstypes  0x3ff9f858       0x30 fs/built-in.o
 .data.NetOurNativeVLAN
                0x3ff9f888        0x2 net/built-in.o
                0x3ff9f888                NetOurNativeVLAN
 *fill*         0x3ff9f88a        0x2 00
 .data.NetBcastAddr
                0x3ff9f88c        0x8 net/built-in.o
                0x3ff9f88c                NetBcastAddr
 .data.first_call.3499
                0x3ff9f894        0x4 net/built-in.o
 .data.NetOurVLAN
                0x3ff9f898        0x2 net/built-in.o
                0x3ff9f898                NetOurVLAN
 *fill*         0x3ff9f89a        0x2 00
 .data.nfs_offset
                0x3ff9f89c        0x4 net/built-in.o
 .data.TftpTimeoutCountMax
                0x3ff9f8a0        0x4 net/built-in.o
 .data.TftpRRQTimeoutCountMax
                0x3ff9f8a4        0x4 net/built-in.o
                0x3ff9f8a4                TftpRRQTimeoutCountMax
 .data.TftpBlkSizeOption
                0x3ff9f8a8        0x2 net/built-in.o
 *fill*         0x3ff9f8aa        0x2 00
 .data.TftpTimeoutMSecs
                0x3ff9f8ac        0x4 net/built-in.o
 .data.TftpBlkSize
                0x3ff9f8b0        0x2 net/built-in.o
                0x3ff9f8b4                . = ALIGN (0x4)
                0x3ff9f8b4                . = .
                0x3ff9f8b4                . = ALIGN (0x4)

.u_boot_list    0x3ff9f8b4      0x570
 *(SORT(.u_boot_list*))
 .u_boot_list_2_cmd_1
                0x3ff9f8b4        0x0 common/built-in.o
 .u_boot_list_2_cmd_2_base
                0x3ff9f8b4       0x18 common/built-in.o
                0x3ff9f8b4                _u_boot_list_2_cmd_2_base
 .u_boot_list_2_cmd_2_bdinfo
                0x3ff9f8cc       0x18 common/built-in.o
                0x3ff9f8cc                _u_boot_list_2_cmd_2_bdinfo
 .u_boot_list_2_cmd_2_boot
                0x3ff9f8e4       0x18 common/built-in.o
                0x3ff9f8e4                _u_boot_list_2_cmd_2_boot
 .u_boot_list_2_cmd_2_bootd
                0x3ff9f8fc       0x18 common/built-in.o
                0x3ff9f8fc                _u_boot_list_2_cmd_2_bootd
 .u_boot_list_2_cmd_2_bootelf
                0x3ff9f914       0x18 common/built-in.o
                0x3ff9f914                _u_boot_list_2_cmd_2_bootelf
 .u_boot_list_2_cmd_2_bootm
                0x3ff9f92c       0x18 common/built-in.o
                0x3ff9f92c                _u_boot_list_2_cmd_2_bootm
 .u_boot_list_2_cmd_2_bootp
                0x3ff9f944       0x18 common/built-in.o
                0x3ff9f944                _u_boot_list_2_cmd_2_bootp
 .u_boot_list_2_cmd_2_bootvx
                0x3ff9f95c       0x18 common/built-in.o
                0x3ff9f95c                _u_boot_list_2_cmd_2_bootvx
 .u_boot_list_2_cmd_2_chpart
                0x3ff9f974       0x18 common/built-in.o
                0x3ff9f974                _u_boot_list_2_cmd_2_chpart
 .u_boot_list_2_cmd_2_cmp
                0x3ff9f98c       0x18 common/built-in.o
                0x3ff9f98c                _u_boot_list_2_cmd_2_cmp
 .u_boot_list_2_cmd_2_coninfo
                0x3ff9f9a4       0x18 common/built-in.o
                0x3ff9f9a4                _u_boot_list_2_cmd_2_coninfo
 .u_boot_list_2_cmd_2_cp
                0x3ff9f9bc       0x18 common/built-in.o
                0x3ff9f9bc                _u_boot_list_2_cmd_2_cp
 .u_boot_list_2_cmd_2_crc32
                0x3ff9f9d4       0x18 common/built-in.o
                0x3ff9f9d4                _u_boot_list_2_cmd_2_crc32
 .u_boot_list_2_cmd_2_dcache
                0x3ff9f9ec       0x18 common/built-in.o
                0x3ff9f9ec                _u_boot_list_2_cmd_2_dcache
 .u_boot_list_2_cmd_2_echo
                0x3ff9fa04       0x18 common/built-in.o
                0x3ff9fa04                _u_boot_list_2_cmd_2_echo
 .u_boot_list_2_cmd_2_editenv
                0x3ff9fa1c       0x18 common/built-in.o
                0x3ff9fa1c                _u_boot_list_2_cmd_2_editenv
 .u_boot_list_2_cmd_2_env
                0x3ff9fa34       0x18 common/built-in.o
                0x3ff9fa34                _u_boot_list_2_cmd_2_env
 .u_boot_list_2_cmd_2_exit
                0x3ff9fa4c       0x18 common/built-in.o
                0x3ff9fa4c                _u_boot_list_2_cmd_2_exit
 .u_boot_list_2_cmd_2_false
                0x3ff9fa64       0x18 common/built-in.o
                0x3ff9fa64                _u_boot_list_2_cmd_2_false
 .u_boot_list_2_cmd_2_fatinfo
                0x3ff9fa7c       0x18 common/built-in.o
                0x3ff9fa7c                _u_boot_list_2_cmd_2_fatinfo